Archive member included to satisfy reference by file (symbol)

/usr/lib/x86_64-linux-gnu/libc_nonshared.a(elf-init.oS)
                              /usr/lib/gcc/x86_64-linux-gnu/4.9/../../../x86_64-linux-gnu/crt1.o (__libc_csu_init)
/usr/lib/x86_64-linux-gnu/libc_nonshared.a(atexit.oS)
                              build/urelease/makensis/makenssi.o (atexit)

Discarded input sections

 .note.GNU-stack
                0x0000000000000000        0x0 /usr/lib/gcc/x86_64-linux-gnu/4.9/../../../x86_64-linux-gnu/crt1.o
 .gnu_debuglink
                0x0000000000000000        0xc /usr/lib/gcc/x86_64-linux-gnu/4.9/../../../x86_64-linux-gnu/crt1.o
 .note.GNU-stack
                0x0000000000000000        0x0 /usr/lib/gcc/x86_64-linux-gnu/4.9/../../../x86_64-linux-gnu/crti.o
 .gnu_debuglink
                0x0000000000000000        0xc /usr/lib/gcc/x86_64-linux-gnu/4.9/../../../x86_64-linux-gnu/crti.o
 .note.GNU-stack
                0x0000000000000000        0x0 /usr/lib/gcc/x86_64-linux-gnu/4.9/crtbegin.o
 .group         0x0000000000000000       0x14 build/urelease/makensis/build.o
 .group         0x0000000000000000        0xc build/urelease/makensis/build.o
 .group         0x0000000000000000        0xc build/urelease/makensis/build.o
 .group         0x0000000000000000        0xc build/urelease/makensis/build.o
 .group         0x0000000000000000        0xc build/urelease/makensis/build.o
 .group         0x0000000000000000        0xc build/urelease/makensis/build.o
 .group         0x0000000000000000        0xc build/urelease/makensis/build.o
 .group         0x0000000000000000        0xc build/urelease/makensis/build.o
 .group         0x0000000000000000       0x14 build/urelease/makensis/build.o
 .group         0x0000000000000000        0xc build/urelease/makensis/build.o
 .group         0x0000000000000000        0xc build/urelease/makensis/build.o
 .group         0x0000000000000000        0xc build/urelease/makensis/build.o
 .group         0x0000000000000000        0xc build/urelease/makensis/build.o
 .group         0x0000000000000000        0xc build/urelease/makensis/build.o
 .group         0x0000000000000000        0xc build/urelease/makensis/build.o
 .group         0x0000000000000000        0xc build/urelease/makensis/build.o
 .group         0x0000000000000000       0x14 build/urelease/makensis/build.o
 .group         0x0000000000000000       0x14 build/urelease/makensis/build.o
 .group         0x0000000000000000       0x14 build/urelease/makensis/build.o
 .group         0x0000000000000000       0x14 build/urelease/makensis/build.o
 .group         0x0000000000000000       0x14 build/urelease/makensis/build.o
 .group         0x0000000000000000       0x14 build/urelease/makensis/build.o
 .group         0x0000000000000000       0x14 build/urelease/makensis/build.o
 .group         0x0000000000000000       0x14 build/urelease/makensis/build.o
 .group         0x0000000000000000        0xc build/urelease/makensis/build.o
 .group         0x0000000000000000        0xc build/urelease/makensis/build.o
 .group         0x0000000000000000        0xc build/urelease/makensis/build.o
 .group         0x0000000000000000        0xc build/urelease/makensis/build.o
 .group         0x0000000000000000        0xc build/urelease/makensis/build.o
 .group         0x0000000000000000        0xc build/urelease/makensis/build.o
 .group         0x0000000000000000       0x14 build/urelease/makensis/build.o
 .group         0x0000000000000000       0x1c build/urelease/makensis/build.o
 .group         0x0000000000000000        0xc build/urelease/makensis/build.o
 .group         0x0000000000000000        0xc build/urelease/makensis/build.o
 .group         0x0000000000000000        0xc build/urelease/makensis/build.o
 .group         0x0000000000000000        0xc build/urelease/makensis/build.o
 .group         0x0000000000000000        0xc build/urelease/makensis/build.o
 .group         0x0000000000000000        0xc build/urelease/makensis/build.o
 .group         0x0000000000000000        0xc build/urelease/makensis/build.o
 .group         0x0000000000000000        0xc build/urelease/makensis/build.o
 .group         0x0000000000000000        0xc build/urelease/makensis/build.o
 .group         0x0000000000000000       0x14 build/urelease/makensis/build.o
 .group         0x0000000000000000       0x14 build/urelease/makensis/build.o
 .group         0x0000000000000000       0x14 build/urelease/makensis/build.o
 .group         0x0000000000000000       0x14 build/urelease/makensis/build.o
 .group         0x0000000000000000        0xc build/urelease/makensis/build.o
 .group         0x0000000000000000       0x14 build/urelease/makensis/build.o
 .group         0x0000000000000000       0x14 build/urelease/makensis/build.o
 .group         0x0000000000000000       0x14 build/urelease/makensis/build.o
 .group         0x0000000000000000       0x14 build/urelease/makensis/build.o
 .group         0x0000000000000000        0x8 build/urelease/makensis/build.o
[...]
Memory Configuration

Name             Origin             Length             Attributes
*default*        0x0000000000000000 0xffffffffffffffff

Linker script and memory map

LOAD /usr/lib/gcc/x86_64-linux-gnu/4.9/../../../x86_64-linux-gnu/crt1.o
LOAD /usr/lib/gcc/x86_64-linux-gnu/4.9/../../../x86_64-linux-gnu/crti.o
LOAD /usr/lib/gcc/x86_64-linux-gnu/4.9/crtbegin.o
LOAD build/urelease/makensis/build.o
LOAD build/urelease/makensis/clzma.o
LOAD build/urelease/makensis/crc32.o
LOAD build/urelease/makensis/DialogTemplate.o
LOAD build/urelease/makensis/dirreader.o
LOAD build/urelease/makensis/fileform.o
LOAD build/urelease/makensis/growbuf.o
LOAD build/urelease/makensis/icon.o
LOAD build/urelease/makensis/lang.o
LOAD build/urelease/makensis/lineparse.o
LOAD build/urelease/makensis/makenssi.o
LOAD build/urelease/makensis/manifest.o
LOAD build/urelease/makensis/mmap.o
LOAD build/urelease/makensis/Plugins.o
LOAD build/urelease/makensis/ResourceEditor.o
LOAD build/urelease/makensis/ResourceVersionInfo.o
LOAD build/urelease/makensis/script.o
LOAD build/urelease/makensis/ShConstants.o
LOAD build/urelease/makensis/strlist.o
LOAD build/urelease/makensis/tokens.o
LOAD build/urelease/makensis/tstring.o
LOAD build/urelease/makensis/utf.o
LOAD build/urelease/makensis/util.o
LOAD build/urelease/makensis/winchar.o
LOAD build/urelease/makensis/writer.o
LOAD build/urelease/makensis/bzip2/blocksort.o
LOAD build/urelease/makensis/bzip2/bzlib.o
LOAD build/urelease/makensis/bzip2/compress.o
LOAD build/urelease/makensis/bzip2/huffman.o
LOAD build/urelease/makensis/7zip/7zGuids.o
LOAD build/urelease/makensis/7zip/7zip/Common/OutBuffer.o
LOAD build/urelease/makensis/7zip/7zip/Common/StreamUtils.o
LOAD build/urelease/makensis/7zip/7zip/Compress/LZ/LZInWindow.o
LOAD build/urelease/makensis/7zip/7zip/Compress/LZMA/LZMAEncoder.o
LOAD build/urelease/makensis/7zip/7zip/Compress/RangeCoder/RangeCoderBit.o
LOAD build/urelease/makensis/7zip/Common/Alloc.o
LOAD build/urelease/makensis/7zip/Common/CRC.o
LOAD /usr/lib/gcc/x86_64-linux-gnu/4.9/../../../x86_64-linux-gnu/libpthread.so
START GROUP
LOAD /lib/x86_64-linux-gnu/libpthread.so.0
LOAD /usr/lib/x86_64-linux-gnu/libpthread_nonshared.a
END GROUP
LOAD /usr/lib/gcc/x86_64-linux-gnu/4.9/../../../x86_64-linux-gnu/libz.so
LOAD /usr/lib/gcc/x86_64-linux-gnu/4.9/libstdc++.so
LOAD /usr/lib/gcc/x86_64-linux-gnu/4.9/../../../x86_64-linux-gnu/libm.so
LOAD /usr/lib/gcc/x86_64-linux-gnu/4.9/libgcc_s.so
LOAD /usr/lib/gcc/x86_64-linux-gnu/4.9/libgcc.a
LOAD /usr/lib/gcc/x86_64-linux-gnu/4.9/../../../x86_64-linux-gnu/libpthread.so
START GROUP
LOAD /lib/x86_64-linux-gnu/libpthread.so.0
LOAD /usr/lib/x86_64-linux-gnu/libpthread_nonshared.a
END GROUP
LOAD /usr/lib/gcc/x86_64-linux-gnu/4.9/../../../x86_64-linux-gnu/libc.so
START GROUP
LOAD /lib/x86_64-linux-gnu/libc.so.6
LOAD /usr/lib/x86_64-linux-gnu/libc_nonshared.a
LOAD /lib/x86_64-linux-gnu/ld-linux-x86-64.so.2
END GROUP
LOAD /usr/lib/gcc/x86_64-linux-gnu/4.9/libgcc_s.so
LOAD /usr/lib/gcc/x86_64-linux-gnu/4.9/libgcc.a
LOAD /usr/lib/gcc/x86_64-linux-gnu/4.9/crtend.o
LOAD /usr/lib/gcc/x86_64-linux-gnu/4.9/../../../x86_64-linux-gnu/crtn.o
                [!provide]                        PROVIDE (__executable_start, 0x400000)
                0x0000000000400200                . = (0x400000 + SIZEOF_HEADERS)

.interp         0x0000000000400200       0x1c
 *(.interp)
 .interp        0x0000000000400200       0x1c /usr/lib/gcc/x86_64-linux-gnu/4.9/../../../x86_64-linux-gnu/crt1.o

.note.ABI-tag   0x000000000040021c       0x20
 .note.ABI-tag  0x000000000040021c       0x20 /usr/lib/gcc/x86_64-linux-gnu/4.9/../../../x86_64-linux-gnu/crt1.o

.note.gnu.build-id
                0x000000000040023c       0x24
 *(.note.gnu.build-id)
 .note.gnu.build-id
                0x000000000040023c       0x24 /usr/lib/gcc/x86_64-linux-gnu/4.9/../../../x86_64-linux-gnu/crt1.o

.hash
 *(.hash)

.gnu.hash       0x0000000000400260       0xd8
 *(.gnu.hash)
 .gnu.hash      0x0000000000400260       0xd8 /usr/lib/gcc/x86_64-linux-gnu/4.9/../../../x86_64-linux-gnu/crt1.o

.dynsym         0x0000000000400338     0x1110
 *(.dynsym)
 .dynsym        0x0000000000400338     0x1110 /usr/lib/gcc/x86_64-linux-gnu/4.9/../../../x86_64-linux-gnu/crt1.o

.dynstr         0x0000000000401448      0xd20
 *(.dynstr)
 .dynstr        0x0000000000401448      0xd20 /usr/lib/gcc/x86_64-linux-gnu/4.9/../../../x86_64-linux-gnu/crt1.o

.gnu.version    0x0000000000402168      0x16c
 *(.gnu.version)
 .gnu.version   0x0000000000402168      0x16c /usr/lib/gcc/x86_64-linux-gnu/4.9/../../../x86_64-linux-gnu/crt1.o

.gnu.version_d  0x00000000004022d8        0x0
 *(.gnu.version_d)
 .gnu.version_d
                0x00000000004022d8        0x0 /usr/lib/gcc/x86_64-linux-gnu/4.9/../../../x86_64-linux-gnu/crt1.o

.gnu.version_r  0x00000000004022d8       0xd0
 *(.gnu.version_r)
 .gnu.version_r
                0x00000000004022d8       0xd0 /usr/lib/gcc/x86_64-linux-gnu/4.9/../../../x86_64-linux-gnu/crt1.o

.rela.dyn       0x00000000004023a8      0x138
 *(.rela.init)
 *(.rela.text .rela.text.* .rela.gnu.linkonce.t.*)
 .rela.text     0x00000000004023a8        0x0 /usr/lib/gcc/x86_64-linux-gnu/4.9/../../../x86_64-linux-gnu/crt1.o
 .rela.text._ZN11page_writerD0Ev
                0x00000000004023a8        0x0 /usr/lib/gcc/x86_64-linux-gnu/4.9/../../../x86_64-linux-gnu/crt1.o
 .rela.text._ZN6writerD0Ev
                0x00000000004023a8        0x0 /usr/lib/gcc/x86_64-linux-gnu/4.9/../../../x86_64-linux-gnu/crt1.o
 .rela.text._ZN14section_writerD0Ev
                0x00000000004023a8        0x0 /usr/lib/gcc/x86_64-linux-gnu/4.9/../../../x86_64-linux-gnu/crt1.o
 .rela.text._ZN12entry_writerD0Ev
                0x00000000004023a8        0x0 /usr/lib/gcc/x86_64-linux-gnu/4.9/../../../x86_64-linux-gnu/crt1.o
 .rela.text._ZN16ctlcolors_writerD0Ev
                0x00000000004023a8        0x0 /usr/lib/gcc/x86_64-linux-gnu/4.9/../../../x86_64-linux-gnu/crt1.o
 .rela.text._ZN14LOGFONT_writerD0Ev
                0x00000000004023a8        0x0 /usr/lib/gcc/x86_64-linux-gnu/4.9/../../../x86_64-linux-gnu/crt1.o
 .rela.text._ZN13header_writerD0Ev
                0x00000000004023a8        0x0 /usr/lib/gcc/x86_64-linux-gnu/4.9/../../../x86_64-linux-gnu/crt1.o
 .rela.text._ZN18firstheader_writerD0Ev
                0x00000000004023a8        0x0 /usr/lib/gcc/x86_64-linux-gnu/4.9/../../../x86_64-linux-gnu/crt1.o
 .rela.text._ZN6CBzip2D0Ev
                0x00000000004023a8        0x0 /usr/lib/gcc/x86_64-linux-gnu/4.9/../../../x86_64-linux-gnu/crt1.o
 .rela.text._ZN5CZlibD0Ev
                0x00000000004023a8        0x0 /usr/lib/gcc/x86_64-linux-gnu/4.9/../../../x86_64-linux-gnu/crt1.o
 .rela.text._ZN6CBzip28CompressEb
                0x00000000004023a8        0x0 /usr/lib/gcc/x86_64-linux-gnu/4.9/../../../x86_64-linux-gnu/crt1.o
 .rela.text._ZN6CBzip23EndEv
                0x00000000004023a8        0x0 /usr/lib/gcc/x86_64-linux-gnu/4.9/../../../x86_64-linux-gnu/crt1.o
 .rela.text._ZN6CBzip24InitEij
                0x00000000004023a8        0x0 /usr/lib/gcc/x86_64-linux-gnu/4.9/../../../x86_64-linux-gnu/crt1.o
 .rela.text._ZN5CZlib8CompressEb
                0x00000000004023a8        0x0 /usr/lib/gcc/x86_64-linux-gnu/4.9/../../../x86_64-linux-gnu/crt1.o
 .rela.text._ZN5CZlib3EndEv
                0x00000000004023a8        0x0 /usr/lib/gcc/x86_64-linux-gnu/4.9/../../../x86_64-linux-gnu/crt1.o
 .rela.text._ZN5CZlib4InitEij
                0x00000000004023a8        0x0 /usr/lib/gcc/x86_64-linux-gnu/4.9/../../../x86_64-linux-gnu/crt1.o
 .rela.text._ZN11TinyGrowBufD2Ev
                0x00000000004023a8        0x0 /usr/lib/gcc/x86_64-linux-gnu/4.9/../../../x86_64-linux-gnu/crt1.o
 .rela.text._ZN11TinyGrowBufD0Ev
                0x00000000004023a8        0x0 /usr/lib/gcc/x86_64-linux-gnu/4.9/../../../x86_64-linux-gnu/crt1.o
 .rela.text._ZN16SortedStringListI6defineED2Ev
                0x00000000004023a8        0x0 /usr/lib/gcc/x86_64-linux-gnu/4.9/../../../x86_64-linux-gnu/crt1.o
 .rela.text.unlikely
                0x00000000004023a8        0x0 /usr/lib/gcc/x86_64-linux-gnu/4.9/../../../x86_64-linux-gnu/crt1.o
 .rela.text._ZN16SortedStringListI6defineED0Ev
                0x00000000004023a8        0x0 /usr/lib/gcc/x86_64-linux-gnu/4.9/../../../x86_64-linux-gnu/crt1.o
 .rela.text._Z21PrintColorFmtMsg_WARNPKwz
                0x00000000004023a8        0x0 /usr/lib/gcc/x86_64-linux-gnu/4.9/../../../x86_64-linux-gnu/crt1.o
 .rela.text._Z20PrintColorFmtMsg_ERRPKwz
                0x00000000004023a8        0x0 /usr/lib/gcc/x86_64-linux-gnu/4.9/../../../x86_64-linux-gnu/crt1.o
 .rela.text._ZNK17ExeHeadStringList12gettotalsizeEv
                0x00000000004023a8        0x0 /usr/lib/gcc/x86_64-linux-gnu/4.9/../../../x86_64-linux-gnu/crt1.o
 .rela.text._ZNSt6vectorI4IconSaIS0_EEC2ERKS2_
                0x00000000004023a8        0x0 /usr/lib/gcc/x86_64-linux-gnu/4.9/../../../x86_64-linux-gnu/crt1.o
 .rela.text._ZNSt6vectorI4IconSaIS0_EEaSERKS2_
                0x00000000004023a8        0x0 /usr/lib/gcc/x86_64-linux-gnu/4.9/../../../x86_64-linux-gnu/crt1.o
 .rela.text._ZNSt8_Rb_treeISbIwSt11char_traitsIwESaIwEES3_St9_IdentityIS3_EN10STLHelpers20string_nocasecmplessIS3_wEESaIS3_EE8_M_eraseEPSt13_Rb_tree_nodeIS3_E
                0x00000000004023a8        0x0 /usr/lib/gcc/x86_64-linux-gnu/4.9/../../../x86_64-linux-gnu/crt1.o
 .rela.text._ZNSt8_Rb_treeISbIwSt11char_traitsIwESaIwEESt4pairIKS3_S3_ESt10_Select1stIS6_EN10STLHelpers20string_nocasecmplessIS3_wEESaIS6_EE8_M_eraseEPSt13_Rb_tree_nodeIS6_E
                0x00000000004023a8        0x0 /usr/lib/gcc/x86_64-linux-gnu/4.9/../../../x86_64-linux-gnu/crt1.o
 .rela.text._ZNSt8_Rb_treeISbIwSt11char_traitsIwESaIwEESt4pairIKS3_iESt10_Select1stIS6_EN10STLHelpers20string_nocasecmplessIS3_wEESaIS6_EE8_M_eraseEPSt13_Rb_tree_nodeIS6_E
                0x00000000004023a8        0x0 /usr/lib/gcc/x86_64-linux-gnu/4.9/../../../x86_64-linux-gnu/crt1.o
 .rela.text._ZN7PluginsD2Ev
                0x00000000004023a8        0x0 /usr/lib/gcc/x86_64-linux-gnu/4.9/../../../x86_64-linux-gnu/crt1.o
 .rela.text._ZN18SortedStringListNDI8string_tED2Ev
                0x00000000004023a8        0x0 /usr/lib/gcc/x86_64-linux-gnu/4.9/../../../x86_64-linux-gnu/crt1.o
 .rela.text._ZN18SortedStringListNDI14constantstringED2Ev
                0x00000000004023a8        0x0 /usr/lib/gcc/x86_64-linux-gnu/4.9/../../../x86_64-linux-gnu/crt1.o
 .rela.text._ZN18SortedStringListNDI13uservarstringED2Ev
                0x00000000004023a8        0x0 /usr/lib/gcc/x86_64-linux-gnu/4.9/../../../x86_64-linux-gnu/crt1.o
 .rela.text._ZN18SortedStringListNDI10langstringED2Ev
                0x00000000004023a8        0x0 /usr/lib/gcc/x86_64-linux-gnu/4.9/../../../x86_64-linux-gnu/crt1.o
 .rela.text._ZN12StringsArrayD2Ev
                0x00000000004023a8        0x0 /usr/lib/gcc/x86_64-linux-gnu/4.9/../../../x86_64-linux-gnu/crt1.o
 .rela.text._ZN18SortedStringListNDI10langstringED0Ev
                0x00000000004023a8        0x0 /usr/lib/gcc/x86_64-linux-gnu/4.9/../../../x86_64-linux-gnu/crt1.o
 .rela.text._ZN14LangStringListD2Ev
                0x00000000004023a8        0x0 /usr/lib/gcc/x86_64-linux-gnu/4.9/../../../x86_64-linux-gnu/crt1.o
 .rela.text._ZN19ConstantsStringListD2Ev
                0x00000000004023a8        0x0 /usr/lib/gcc/x86_64-linux-gnu/4.9/../../../x86_64-linux-gnu/crt1.o
 .rela.text._ZN18UserVarsStringListD2Ev
                0x00000000004023a8        0x0 /usr/lib/gcc/x86_64-linux-gnu/4.9/../../../x86_64-linux-gnu/crt1.o
 .rela.text._ZN14LangStringListD0Ev
                0x00000000004023a8        0x0 /usr/lib/gcc/x86_64-linux-gnu/4.9/../../../x86_64-linux-gnu/crt1.o
 .rela.text._ZN18SortedStringListNDI14constantstringED0Ev
                0x00000000004023a8        0x0 /usr/lib/gcc/x86_64-linux-gnu/4.9/../../../x86_64-linux-gnu/crt1.o
 .rela.text._ZN18SortedStringListNDI13uservarstringED0Ev
                0x00000000004023a8        0x0 /usr/lib/gcc/x86_64-linux-gnu/4.9/../../../x86_64-linux-gnu/crt1.o
 .rela.text._ZN19ConstantsStringListD0Ev
                0x00000000004023a8        0x0 /usr/lib/gcc/x86_64-linux-gnu/4.9/../../../x86_64-linux-gnu/crt1.o
 .rela.text._ZN18UserVarsStringListD0Ev
                0x00000000004023a8        0x0 /usr/lib/gcc/x86_64-linux-gnu/4.9/../../../x86_64-linux-gnu/crt1.o
 .rela.text._ZN14FastStringListD2Ev
                0x00000000004023a8        0x0 /usr/lib/gcc/x86_64-linux-gnu/4.9/../../../x86_64-linux-gnu/crt1.o
 .rela.text._ZN18SortedStringListNDI8string_tED0Ev
                0x00000000004023a8        0x0 /usr/lib/gcc/x86_64-linux-gnu/4.9/../../../x86_64-linux-gnu/crt1.o
 .rela.text._ZN14FastStringListD0Ev
                0x00000000004023a8        0x0 /usr/lib/gcc/x86_64-linux-gnu/4.9/../../../x86_64-linux-gnu/crt1.o
 .rela.text._ZN9NCompress5NLZMA8CEncoderD0Ev
                0x00000000004023a8        0x0 /usr/lib/gcc/x86_64-linux-gnu/4.9/../../../x86_64-linux-gnu/crt1.o
 .rela.text._ZN9NCompress5NLZMA8CEncoderD2Ev
                0x00000000004023a8        0x0 /usr/lib/gcc/x86_64-linux-gnu/4.9/../../../x86_64-linux-gnu/crt1.o
 .rela.text._ZN5CLZMA7ReleaseEv
                0x00000000004023a8        0x0 /usr/lib/gcc/x86_64-linux-gnu/4.9/../../../x86_64-linux-gnu/crt1.o
 .rela.text._ZNSt6vectorIP18DialogItemTemplateSaIS1_EE13_M_insert_auxEN9__gnu_cxx17__normal_iteratorIPS1_S3_EERKS1_
                0x00000000004023a8        0x0 /usr/lib/gcc/x86_64-linux-gnu/4.9/../../../x86_64-linux-gnu/crt1.o
 .rela.text._ZNSt8_Rb_treeISbIwSt11char_traitsIwESaIwEES3_St9_IdentityIS3_ESt4lessIS3_ESaIS3_EE8_M_eraseEPSt13_Rb_tree_nodeIS3_E
                0x00000000004023a8        0x0 /usr/lib/gcc/x86_64-linux-gnu/4.9/../../../x86_64-linux-gnu/crt1.o
 .rela.text._ZN16posix_dir_readerD2Ev
                0x00000000004023a8        0x0 /usr/lib/gcc/x86_64-linux-gnu/4.9/../../../x86_64-linux-gnu/crt1.o
 .rela.text._ZN16posix_dir_readerD0Ev
                0x00000000004023a8        0x0 /usr/lib/gcc/x86_64-linux-gnu/4.9/../../../x86_64-linux-gnu/crt1.o
 .rela.text._ZNSt8_Rb_treeISbIwSt11char_traitsIwESaIwEES3_St9_IdentityIS3_ESt4lessIS3_ESaIS3_EE16_M_insert_uniqueERKS3_
                0x00000000004023a8        0x0 /usr/lib/gcc/x86_64-linux-gnu/4.9/../../../x86_64-linux-gnu/crt1.o
 .rela.text._ZN16posix_dir_reader4readERKSbIwSt11char_traitsIwESaIwEE
                0x00000000004023a8        0x0 /usr/lib/gcc/x86_64-linux-gnu/4.9/../../../x86_64-linux-gnu/crt1.o
 .rela.text._ZN19block_header_writerD0Ev
                0x00000000004023a8        0x0 /usr/lib/gcc/x86_64-linux-gnu/4.9/../../../x86_64-linux-gnu/crt1.o
 .rela.text._ZN17lang_table_writerD0Ev
                0x00000000004023a8        0x0 /usr/lib/gcc/x86_64-linux-gnu/4.9/../../../x86_64-linux-gnu/crt1.o
 .rela.text._ZN19BaseResourceManagerD0Ev
                0x00000000004023a8        0x0 /usr/lib/gcc/x86_64-linux-gnu/4.9/../../../x86_64-linux-gnu/crt1.o
 .rela.text._ZN15ResourceManagerIP8_IO_FILE18__free_with_fcloseED2Ev
                0x00000000004023a8        0x0 /usr/lib/gcc/x86_64-linux-gnu/4.9/../../../x86_64-linux-gnu/crt1.o
 .rela.text._ZN15ResourceManagerIP8_IO_FILE18__free_with_fcloseED0Ev
                0x00000000004023a8        0x0 /usr/lib/gcc/x86_64-linux-gnu/4.9/../../../x86_64-linux-gnu/crt1.o
 .rela.text._ZNSt6vectorI8IconPairSaIS0_EEaSERKS2_
                0x00000000004023a8        0x0 /usr/lib/gcc/x86_64-linux-gnu/4.9/../../../x86_64-linux-gnu/crt1.o
 .rela.text._ZNSt6vectorI4IconSaIS0_EE13_M_insert_auxEN9__gnu_cxx17__normal_iteratorIPS0_S2_EERKS0_
                0x00000000004023a8        0x0 /usr/lib/gcc/x86_64-linux-gnu/4.9/../../../x86_64-linux-gnu/crt1.o
 .rela.text._ZNSt6vectorI8IconPairSaIS0_EE13_M_insert_auxEN9__gnu_cxx17__normal_iteratorIPS0_S2_EERKS0_
                0x00000000004023a8        0x0 /usr/lib/gcc/x86_64-linux-gnu/4.9/../../../x86_64-linux-gnu/crt1.o
 .rela.text._ZSt16__insertion_sortIN9__gnu_cxx17__normal_iteratorIP4IconSt6vectorIS2_SaIS2_EEEENS0_5__ops15_Iter_comp_iterIPFbS2_S2_EEEEvT_SD_T0_
                0x00000000004023a8        0x0 /usr/lib/gcc/x86_64-linux-gnu/4.9/../../../x86_64-linux-gnu/crt1.o
 .rela.text._ZSt16__insertion_sortIN9__gnu_cxx17__normal_iteratorIP8IconPairSt6vectorIS2_SaIS2_EEEENS0_5__ops15_Iter_comp_iterIPFbS2_S2_EEEEvT_SD_T0_
                0x00000000004023a8        0x0 /usr/lib/gcc/x86_64-linux-gnu/4.9/../../../x86_64-linux-gnu/crt1.o
 .rela.text._ZSt13__heap_selectIN9__gnu_cxx17__normal_iteratorIP4IconSt6vectorIS2_SaIS2_EEEENS0_5__ops15_Iter_comp_iterIPFbS2_S2_EEEEvT_SD_SD_T0_
                0x00000000004023a8        0x0 /usr/lib/gcc/x86_64-linux-gnu/4.9/../../../x86_64-linux-gnu/crt1.o
 .rela.text._ZSt16__introsort_loopIN9__gnu_cxx17__normal_iteratorIP4IconSt6vectorIS2_SaIS2_EEEElNS0_5__ops15_Iter_comp_iterIPFbS2_S2_EEEEvT_SD_T0_T1_
                0x00000000004023a8        0x0 /usr/lib/gcc/x86_64-linux-gnu/4.9/../../../x86_64-linux-gnu/crt1.o
 .rela.text._ZSt16__introsort_loopIN9__gnu_cxx17__normal_iteratorIP8IconPairSt6vectorIS2_SaIS2_EEEElNS0_5__ops15_Iter_comp_iterIPFbS2_S2_EEEEvT_SD_T0_T1_
                0x00000000004023a8        0x0 /usr/lib/gcc/x86_64-linux-gnu/4.9/../../../x86_64-linux-gnu/crt1.o
 .rela.text.startup
                0x00000000004023a8        0x0 /usr/lib/gcc/x86_64-linux-gnu/4.9/../../../x86_64-linux-gnu/crt1.o
 .rela.text._ZN8MMapFakeD0Ev
                0x00000000004023a8        0x0 /usr/lib/gcc/x86_64-linux-gnu/4.9/../../../x86_64-linux-gnu/crt1.o
 .rela.text._ZN18NSISExceptionInnerD2Ev
                0x00000000004023a8        0x0 /usr/lib/gcc/x86_64-linux-gnu/4.9/../../../x86_64-linux-gnu/crt1.o
 .rela.text._ZN18NSISExceptionInnerD0Ev
                0x00000000004023a8        0x0 /usr/lib/gcc/x86_64-linux-gnu/4.9/../../../x86_64-linux-gnu/crt1.o
 .rela.text._ZN13NSISExceptionD2Ev
                0x00000000004023a8        0x0 /usr/lib/gcc/x86_64-linux-gnu/4.9/../../../x86_64-linux-gnu/crt1.o
 .rela.text._ZN13NSISExceptionD0Ev
                0x00000000004023a8        0x0 /usr/lib/gcc/x86_64-linux-gnu/4.9/../../../x86_64-linux-gnu/crt1.o
 .rela.text._ZN13NSISExceptionC2ERKSbIwSt11char_traitsIwESaIwEE
                0x00000000004023a8        0x0 /usr/lib/gcc/x86_64-linux-gnu/4.9/../../../x86_64-linux-gnu/crt1.o
 .rela.text._ZStplIwSt11char_traitsIwESaIwEESbIT_T0_T1_ERKS6_S8_
                0x00000000004023a8        0x0 /usr/lib/gcc/x86_64-linux-gnu/4.9/../../../x86_64-linux-gnu/crt1.o
 .rela.text._ZStplIwSt11char_traitsIwESaIwEESbIT_T0_T1_EPKS3_RKS6_
                0x00000000004023a8        0x0 /usr/lib/gcc/x86_64-linux-gnu/4.9/../../../x86_64-linux-gnu/crt1.o
 .rela.text._ZStplIwSt11char_traitsIwESaIwEESbIT_T0_T1_ERKS6_PKS3_
                0x00000000004023a8        0x0 /usr/lib/gcc/x86_64-linux-gnu/4.9/../../../x86_64-linux-gnu/crt1.o
 .rela.text._ZNSt4pairIKSbIwSt11char_traitsIwESaIwEES3_ED2Ev
                0x00000000004023a8        0x0 /usr/lib/gcc/x86_64-linux-gnu/4.9/../../../x86_64-linux-gnu/crt1.o
 .rela.text._ZNSt8_Rb_treeISbIwSt11char_traitsIwESaIwEES3_St9_IdentityIS3_EN10STLHelpers20string_nocasecmplessIS3_wEESaIS3_EE16_M_insert_uniqueERKS3_
                0x00000000004023a8        0x0 /usr/lib/gcc/x86_64-linux-gnu/4.9/../../../x86_64-linux-gnu/crt1.o
 .rela.text._ZNSt6vectorIhSaIhEE14_M_fill_insertEN9__gnu_cxx17__normal_iteratorIPhS1_EEmRKh
                0x00000000004023a8        0x0 /usr/lib/gcc/x86_64-linux-gnu/4.9/../../../x86_64-linux-gnu/crt1.o
 .rela.text._ZNKSt8_Rb_treeISbIwSt11char_traitsIwESaIwEES3_St9_IdentityIS3_EN10STLHelpers20string_nocasecmplessIS3_wEESaIS3_EE4findERKS3_
                0x00000000004023a8        0x0 /usr/lib/gcc/x86_64-linux-gnu/4.9/../../../x86_64-linux-gnu/crt1.o
 .rela.text._ZNKSt8_Rb_treeISbIwSt11char_traitsIwESaIwEESt4pairIKS3_iESt10_Select1stIS6_EN10STLHelpers20string_nocasecmplessIS3_wEESaIS6_EE4findERS5_
                0x00000000004023a8        0x0 /usr/lib/gcc/x86_64-linux-gnu/4.9/../../../x86_64-linux-gnu/crt1.o
 .rela.text._ZNKSt8_Rb_treeISbIwSt11char_traitsIwESaIwEESt4pairIKS3_S3_ESt10_Select1stIS6_EN10STLHelpers20string_nocasecmplessIS3_wEESaIS6_EE4findERS5_
                0x00000000004023a8        0x0 /usr/lib/gcc/x86_64-linux-gnu/4.9/../../../x86_64-linux-gnu/crt1.o
 .rela.text._ZNSt8_Rb_treeISbIwSt11char_traitsIwESaIwEESt4pairIKS3_S3_ESt10_Select1stIS6_EN10STLHelpers20string_nocasecmplessIS3_wEESaIS6_EE10_M_insert_EPSt18_Rb_tree_node_baseSF_RKS6_
                0x00000000004023a8        0x0 /usr/lib/gcc/x86_64-linux-gnu/4.9/../../../x86_64-linux-gnu/crt1.o
 .rela.text._ZNSt8_Rb_treeISbIwSt11char_traitsIwESaIwEESt4pairIKS3_S3_ESt10_Select1stIS6_EN10STLHelpers20string_nocasecmplessIS3_wEESaIS6_EE24_M_get_insert_unique_posERS5_
                0x00000000004023a8        0x0 /usr/lib/gcc/x86_64-linux-gnu/4.9/../../../x86_64-linux-gnu/crt1.o
 .rela.text._ZNSt8_Rb_treeISbIwSt11char_traitsIwESaIwEESt4pairIKS3_S3_ESt10_Select1stIS6_EN10STLHelpers20string_nocasecmplessIS3_wEESaIS6_EE29_M_get_insert_hint_unique_posESt23_Rb_tree_const_iteratorIS6_ERS5_
                0x00000000004023a8        0x0 /usr/lib/gcc/x86_64-linux-gnu/4.9/../../../x86_64-linux-gnu/crt1.o
 .rela.text._ZNSt8_Rb_treeISbIwSt11char_traitsIwESaIwEESt4pairIKS3_iESt10_Select1stIS6_EN10STLHelpers20string_nocasecmplessIS3_wEESaIS6_EE24_M_get_insert_unique_posERS5_
                0x00000000004023a8        0x0 /usr/lib/gcc/x86_64-linux-gnu/4.9/../../../x86_64-linux-gnu/crt1.o
 .rela.text._ZNSt8_Rb_treeISbIwSt11char_traitsIwESaIwEESt4pairIKS3_iESt10_Select1stIS6_EN10STLHelpers20string_nocasecmplessIS3_wEESaIS6_EE29_M_get_insert_hint_unique_posESt23_Rb_tree_const_iteratorIS6_ERS5_
                0x00000000004023a8        0x0 /usr/lib/gcc/x86_64-linux-gnu/4.9/../../../x86_64-linux-gnu/crt1.o
 .rela.text._ZNSt8_Rb_treeISbIwSt11char_traitsIwESaIwEESt4pairIKS3_iESt10_Select1stIS6_EN10STLHelpers20string_nocasecmplessIS3_wEESaIS6_EE17_M_insert_unique_ESt23_Rb_tree_const_iteratorIS6_ERKS6_
                0x00000000004023a8        0x0 /usr/lib/gcc/x86_64-linux-gnu/4.9/../../../x86_64-linux-gnu/crt1.o
 .rela.text._ZNSt11_Deque_baseIP18CResourceDirectorySaIS1_EED2Ev
                0x00000000004023a8        0x0 /usr/lib/gcc/x86_64-linux-gnu/4.9/../../../x86_64-linux-gnu/crt1.o
 .rela.text._ZNSt11_Deque_baseIP18CResourceDataEntrySaIS1_EED2Ev
                0x00000000004023a8        0x0 /usr/lib/gcc/x86_64-linux-gnu/4.9/../../../x86_64-linux-gnu/crt1.o
 .rela.text._ZNSt11_Deque_baseIP23CResourceDirectoryEntrySaIS1_EED2Ev
                0x00000000004023a8        0x0 /usr/lib/gcc/x86_64-linux-gnu/4.9/../../../x86_64-linux-gnu/crt1.o
 .rela.text._ZNSt6vectorIP23CResourceDirectoryEntrySaIS1_EE13_M_insert_auxEN9__gnu_cxx17__normal_iteratorIPS1_S3_EERKS1_
                0x00000000004023a8        0x0 /usr/lib/gcc/x86_64-linux-gnu/4.9/../../../x86_64-linux-gnu/crt1.o
 .rela.text._ZNSt11_Deque_baseIP18CResourceDirectorySaIS1_EE17_M_initialize_mapEm
                0x00000000004023a8        0x0 /usr/lib/gcc/x86_64-linux-gnu/4.9/../../../x86_64-linux-gnu/crt1.o
 .rela.text._ZNSt11_Deque_baseIP18CResourceDataEntrySaIS1_EE17_M_initialize_mapEm
                0x00000000004023a8        0x0 /usr/lib/gcc/x86_64-linux-gnu/4.9/../../../x86_64-linux-gnu/crt1.o
 .rela.text._ZNSt11_Deque_baseIP23CResourceDirectoryEntrySaIS1_EE17_M_initialize_mapEm
                0x00000000004023a8        0x0 /usr/lib/gcc/x86_64-linux-gnu/4.9/../../../x86_64-linux-gnu/crt1.o
 .rela.text._ZNSt5dequeIP23CResourceDirectoryEntrySaIS1_EE16_M_push_back_auxERKS1_
                0x00000000004023a8        0x0 /usr/lib/gcc/x86_64-linux-gnu/4.9/../../../x86_64-linux-gnu/crt1.o
 .rela.text._ZNSt5dequeIP18CResourceDirectorySaIS1_EE17_M_reallocate_mapEmb
                0x00000000004023a8        0x0 /usr/lib/gcc/x86_64-linux-gnu/4.9/../../../x86_64-linux-gnu/crt1.o
 .rela.text._ZNSt5dequeIP18CResourceDataEntrySaIS1_EE17_M_reallocate_mapEmb
                0x00000000004023a8        0x0 /usr/lib/gcc/x86_64-linux-gnu/4.9/../../../x86_64-linux-gnu/crt1.o
 .rela.text._ZN18SortedStringListNDI19version_string_listED2Ev
                0x00000000004023a8        0x0 /usr/lib/gcc/x86_64-linux-gnu/4.9/../../../x86_64-linux-gnu/crt1.o
 .rela.text._ZN18SortedStringListNDI19version_string_listED0Ev
                0x00000000004023a8        0x0 /usr/lib/gcc/x86_64-linux-gnu/4.9/../../../x86_64-linux-gnu/crt1.o
 .rela.text._ZN15ResourceManagerIPh16__free_with_freeED2Ev
                0x00000000004023a8        0x0 /usr/lib/gcc/x86_64-linux-gnu/4.9/../../../x86_64-linux-gnu/crt1.o
 .rela.text._ZN15ResourceManagerIPw16__free_with_freeED2Ev
                0x00000000004023a8        0x0 /usr/lib/gcc/x86_64-linux-gnu/4.9/../../../x86_64-linux-gnu/crt1.o
 .rela.text._ZN15ResourceManagerIPh16__free_with_freeED0Ev
                0x00000000004023a8        0x0 /usr/lib/gcc/x86_64-linux-gnu/4.9/../../../x86_64-linux-gnu/crt1.o
 .rela.text._ZN15ResourceManagerIPw16__free_with_freeED0Ev
                0x00000000004023a8        0x0 /usr/lib/gcc/x86_64-linux-gnu/4.9/../../../x86_64-linux-gnu/crt1.o
 .rela.text._ZN15ResourceManagerIi17__free_with_closeED2Ev
                0x00000000004023a8        0x0 /usr/lib/gcc/x86_64-linux-gnu/4.9/../../../x86_64-linux-gnu/crt1.o
 .rela.text._ZN15ResourceManagerIi17__free_with_closeED0Ev
                0x00000000004023a8        0x0 /usr/lib/gcc/x86_64-linux-gnu/4.9/../../../x86_64-linux-gnu/crt1.o
 .rela.text._ZN15ResourceManagerIPw27__free_with_my_convert_freeED2Ev
                0x00000000004023a8        0x0 /usr/lib/gcc/x86_64-linux-gnu/4.9/../../../x86_64-linux-gnu/crt1.o
 .rela.text._ZN15ResourceManagerIPw27__free_with_my_convert_freeED0Ev
                0x00000000004023a8        0x0 /usr/lib/gcc/x86_64-linux-gnu/4.9/../../../x86_64-linux-gnu/crt1.o
 .rela.text._Z21createResourceManagerI16__free_with_freePwEvRT0_RN5boost10scoped_ptrI19BaseResourceManagerEE
                0x00000000004023a8        0x0 /usr/lib/gcc/x86_64-linux-gnu/4.9/../../../x86_64-linux-gnu/crt1.o
 .rela.text._ZSteqIwEN9__gnu_cxx11__enable_ifIXsrSt9__is_charIT_E7__valueEbE6__typeERKSbIS3_St11char_traitsIS3_ESaIS3_EESC_
                0x00000000004023a8        0x0 /usr/lib/gcc/x86_64-linux-gnu/4.9/../../../x86_64-linux-gnu/crt1.o
 .rela.text._ZN15CResourceEditor14UpdateResourceIcEEbPKT_ttPhj
                0x00000000004023a8        0x0 /usr/lib/gcc/x86_64-linux-gnu/4.9/../../../x86_64-linux-gnu/crt1.o
 .rela.text._Z21createResourceManagerI27__free_with_my_convert_freePwEvRT0_RN5boost10scoped_ptrI19BaseResourceManagerEE
                0x00000000004023a8        0x0 /usr/lib/gcc/x86_64-linux-gnu/4.9/../../../x86_64-linux-gnu/crt1.o
 .rela.text._ZNSt8_Rb_treeISbIwSt11char_traitsIwESaIwEES3_St9_IdentityIS3_ESt4lessIS3_ESaIS3_EE11equal_rangeERKS3_
                0x00000000004023a8        0x0 /usr/lib/gcc/x86_64-linux-gnu/4.9/../../../x86_64-linux-gnu/crt1.o
 .rela.text._ZNSt8_Rb_treeISbIwSt11char_traitsIwESaIwEES3_St9_IdentityIS3_ESt4lessIS3_ESaIS3_EE5eraseERKS3_
                0x00000000004023a8        0x0 /usr/lib/gcc/x86_64-linux-gnu/4.9/../../../x86_64-linux-gnu/crt1.o
 .rela.text._ZN11CharEncConvD2Ev
                0x00000000004023a8        0x0 /usr/lib/gcc/x86_64-linux-gnu/4.9/../../../x86_64-linux-gnu/crt1.o
 .rela.text._ZN11CLZInWindowD2Ev
                0x00000000004023a8        0x0 /usr/lib/gcc/x86_64-linux-gnu/4.9/../../../x86_64-linux-gnu/crt1.o
 .rela.text._ZN11CLZInWindowD0Ev
                0x00000000004023a8        0x0 /usr/lib/gcc/x86_64-linux-gnu/4.9/../../../x86_64-linux-gnu/crt1.o
 .rela.text._ZN9NCompress5NLZMA8CEncoder14QueryInterfaceERK4GUIDPPv
                0x00000000004023a8        0x0 /usr/lib/gcc/x86_64-linux-gnu/4.9/../../../x86_64-linux-gnu/crt1.o
 .rela.text._ZN9NCompress5NLZMA8CEncoder7ReleaseEv
                0x00000000004023a8        0x0 /usr/lib/gcc/x86_64-linux-gnu/4.9/../../../x86_64-linux-gnu/crt1.o
 *(.rela.fini)
 *(.rela.rodata .rela.rodata.* .rela.gnu.linkonce.r.*)
 .rela.rodata._ZTI18SortedStringListNDI14constantstringE
                0x00000000004023a8        0x0 /usr/lib/gcc/x86_64-linux-gnu/4.9/../../../x86_64-linux-gnu/crt1.o
 .rela.rodata._ZTI19ConstantsStringList
                0x00000000004023a8        0x0 /usr/lib/gcc/x86_64-linux-gnu/4.9/../../../x86_64-linux-gnu/crt1.o
 .rela.rodata._ZTI11TinyGrowBuf
                0x00000000004023a8        0x0 /usr/lib/gcc/x86_64-linux-gnu/4.9/../../../x86_64-linux-gnu/crt1.o
 .rela.rodata._ZTI16SortedStringListI6defineE
                0x00000000004023a8        0x0 /usr/lib/gcc/x86_64-linux-gnu/4.9/../../../x86_64-linux-gnu/crt1.o
 .rela.rodata._ZTI18SortedStringListNDI8string_tE
                0x00000000004023a8        0x0 /usr/lib/gcc/x86_64-linux-gnu/4.9/../../../x86_64-linux-gnu/crt1.o
 .rela.rodata._ZTI14FastStringList
                0x00000000004023a8        0x0 /usr/lib/gcc/x86_64-linux-gnu/4.9/../../../x86_64-linux-gnu/crt1.o
 .rela.rodata._ZTI18SortedStringListNDI10langstringE
                0x00000000004023a8        0x0 /usr/lib/gcc/x86_64-linux-gnu/4.9/../../../x86_64-linux-gnu/crt1.o
 .rela.rodata._ZTI14LangStringList
                0x00000000004023a8        0x0 /usr/lib/gcc/x86_64-linux-gnu/4.9/../../../x86_64-linux-gnu/crt1.o
 .rela.rodata._ZTI18SortedStringListNDI13uservarstringE
                0x00000000004023a8        0x0 /usr/lib/gcc/x86_64-linux-gnu/4.9/../../../x86_64-linux-gnu/crt1.o
 .rela.rodata._ZTI18UserVarsStringList
                0x00000000004023a8        0x0 /usr/lib/gcc/x86_64-linux-gnu/4.9/../../../x86_64-linux-gnu/crt1.o
 .rela.rodata._ZTI11ICompressor
                0x00000000004023a8        0x0 /usr/lib/gcc/x86_64-linux-gnu/4.9/../../../x86_64-linux-gnu/crt1.o
 .rela.rodata._ZTI5CZlib
                0x00000000004023a8        0x0 /usr/lib/gcc/x86_64-linux-gnu/4.9/../../../x86_64-linux-gnu/crt1.o
 .rela.rodata._ZTI6CBzip2
                0x00000000004023a8        0x0 /usr/lib/gcc/x86_64-linux-gnu/4.9/../../../x86_64-linux-gnu/crt1.o
 .rela.rodata._ZTI6writer
                0x00000000004023a8        0x0 /usr/lib/gcc/x86_64-linux-gnu/4.9/../../../x86_64-linux-gnu/crt1.o
 .rela.rodata._ZTI18firstheader_writer
                0x00000000004023a8        0x0 /usr/lib/gcc/x86_64-linux-gnu/4.9/../../../x86_64-linux-gnu/crt1.o
 .rela.rodata._ZTI13header_writer
                0x00000000004023a8        0x0 /usr/lib/gcc/x86_64-linux-gnu/4.9/../../../x86_64-linux-gnu/crt1.o
 .rela.rodata._ZTI14section_writer
                0x00000000004023a8        0x0 /usr/lib/gcc/x86_64-linux-gnu/4.9/../../../x86_64-linux-gnu/crt1.o
 .rela.rodata._ZTI12entry_writer
                0x00000000004023a8        0x0 /usr/lib/gcc/x86_64-linux-gnu/4.9/../../../x86_64-linux-gnu/crt1.o
 .rela.rodata._ZTI11page_writer
                0x00000000004023a8        0x0 /usr/lib/gcc/x86_64-linux-gnu/4.9/../../../x86_64-linux-gnu/crt1.o
 .rela.rodata._ZTI16ctlcolors_writer
                0x00000000004023a8        0x0 /usr/lib/gcc/x86_64-linux-gnu/4.9/../../../x86_64-linux-gnu/crt1.o
 .rela.rodata._ZTI14LOGFONT_writer
                0x00000000004023a8        0x0 /usr/lib/gcc/x86_64-linux-gnu/4.9/../../../x86_64-linux-gnu/crt1.o
 .rela.rodata._ZTV11TinyGrowBuf
                0x00000000004023a8        0x0 /usr/lib/gcc/x86_64-linux-gnu/4.9/../../../x86_64-linux-gnu/crt1.o
 .rela.rodata._ZTV16SortedStringListI6defineE
                0x00000000004023a8        0x0 /usr/lib/gcc/x86_64-linux-gnu/4.9/../../../x86_64-linux-gnu/crt1.o
 .rela.rodata._ZTV18SortedStringListNDI8string_tE
                0x00000000004023a8        0x0 /usr/lib/gcc/x86_64-linux-gnu/4.9/../../../x86_64-linux-gnu/crt1.o
 .rela.rodata._ZTV14FastStringList
                0x00000000004023a8        0x0 /usr/lib/gcc/x86_64-linux-gnu/4.9/../../../x86_64-linux-gnu/crt1.o
 .rela.rodata._ZTV18SortedStringListNDI10langstringE
                0x00000000004023a8        0x0 /usr/lib/gcc/x86_64-linux-gnu/4.9/../../../x86_64-linux-gnu/crt1.o
 .rela.rodata._ZTV14LangStringList
                0x00000000004023a8        0x0 /usr/lib/gcc/x86_64-linux-gnu/4.9/../../../x86_64-linux-gnu/crt1.o
 .rela.rodata._ZTV18SortedStringListNDI13uservarstringE
                0x00000000004023a8        0x0 /usr/lib/gcc/x86_64-linux-gnu/4.9/../../../x86_64-linux-gnu/crt1.o
 .rela.rodata._ZTV18UserVarsStringList
                0x00000000004023a8        0x0 /usr/lib/gcc/x86_64-linux-gnu/4.9/../../../x86_64-linux-gnu/crt1.o
 .rela.rodata._ZTV18SortedStringListNDI14constantstringE
                0x00000000004023a8        0x0 /usr/lib/gcc/x86_64-linux-gnu/4.9/../../../x86_64-linux-gnu/crt1.o
 .rela.rodata._ZTV19ConstantsStringList
                0x00000000004023a8        0x0 /usr/lib/gcc/x86_64-linux-gnu/4.9/../../../x86_64-linux-gnu/crt1.o
 .rela.rodata._ZTV5CZlib
                0x00000000004023a8        0x0 /usr/lib/gcc/x86_64-linux-gnu/4.9/../../../x86_64-linux-gnu/crt1.o
 .rela.rodata._ZTV6CBzip2
                0x00000000004023a8        0x0 /usr/lib/gcc/x86_64-linux-gnu/4.9/../../../x86_64-linux-gnu/crt1.o
 .rela.rodata._ZTV18firstheader_writer
                0x00000000004023a8        0x0 /usr/lib/gcc/x86_64-linux-gnu/4.9/../../../x86_64-linux-gnu/crt1.o
 .rela.rodata._ZTV13header_writer
                0x00000000004023a8        0x0 /usr/lib/gcc/x86_64-linux-gnu/4.9/../../../x86_64-linux-gnu/crt1.o
 .rela.rodata._ZTV14section_writer
                0x00000000004023a8        0x0 /usr/lib/gcc/x86_64-linux-gnu/4.9/../../../x86_64-linux-gnu/crt1.o
 .rela.rodata._ZTV12entry_writer
                0x00000000004023a8        0x0 /usr/lib/gcc/x86_64-linux-gnu/4.9/../../../x86_64-linux-gnu/crt1.o
 .rela.rodata._ZTV11page_writer
                0x00000000004023a8        0x0 /usr/lib/gcc/x86_64-linux-gnu/4.9/../../../x86_64-linux-gnu/crt1.o
 .rela.rodata._ZTV16ctlcolors_writer
                0x00000000004023a8        0x0 /usr/lib/gcc/x86_64-linux-gnu/4.9/../../../x86_64-linux-gnu/crt1.o
 .rela.rodata._ZTV14LOGFONT_writer
                0x00000000004023a8        0x0 /usr/lib/gcc/x86_64-linux-gnu/4.9/../../../x86_64-linux-gnu/crt1.o
 .rela.rodata._ZTI13CMyUnknownImp
                0x00000000004023a8        0x0 /usr/lib/gcc/x86_64-linux-gnu/4.9/../../../x86_64-linux-gnu/crt1.o
 .rela.rodata._ZTI8IUnknown
                0x00000000004023a8        0x0 /usr/lib/gcc/x86_64-linux-gnu/4.9/../../../x86_64-linux-gnu/crt1.o
 .rela.rodata._ZTI19ISequentialInStream
                0x00000000004023a8        0x0 /usr/lib/gcc/x86_64-linux-gnu/4.9/../../../x86_64-linux-gnu/crt1.o
 .rela.rodata._ZTI20ISequentialOutStream
                0x00000000004023a8        0x0 /usr/lib/gcc/x86_64-linux-gnu/4.9/../../../x86_64-linux-gnu/crt1.o
 .rela.rodata._ZTI5CLZMA
                0x00000000004023a8        0x0 /usr/lib/gcc/x86_64-linux-gnu/4.9/../../../x86_64-linux-gnu/crt1.o
 .rela.rodata._ZTV5CLZMA
                0x00000000004023a8        0x0 /usr/lib/gcc/x86_64-linux-gnu/4.9/../../../x86_64-linux-gnu/crt1.o
 .rela.rodata._ZTI15CDialogTemplate
                0x00000000004023a8        0x0 /usr/lib/gcc/x86_64-linux-gnu/4.9/../../../x86_64-linux-gnu/crt1.o
 .rela.rodata._ZTV15CDialogTemplate
                0x00000000004023a8        0x0 /usr/lib/gcc/x86_64-linux-gnu/4.9/../../../x86_64-linux-gnu/crt1.o
 .rela.rodata._ZTI10dir_reader
                0x00000000004023a8        0x0 /usr/lib/gcc/x86_64-linux-gnu/4.9/../../../x86_64-linux-gnu/crt1.o
 .rela.rodata._ZTI16posix_dir_reader
                0x00000000004023a8        0x0 /usr/lib/gcc/x86_64-linux-gnu/4.9/../../../x86_64-linux-gnu/crt1.o
 .rela.rodata._ZTV10dir_reader
                0x00000000004023a8        0x0 /usr/lib/gcc/x86_64-linux-gnu/4.9/../../../x86_64-linux-gnu/crt1.o
 .rela.rodata._ZTV16posix_dir_reader
                0x00000000004023a8        0x0 /usr/lib/gcc/x86_64-linux-gnu/4.9/../../../x86_64-linux-gnu/crt1.o
 .rela.rodata._ZTI19block_header_writer
                0x00000000004023a8        0x0 /usr/lib/gcc/x86_64-linux-gnu/4.9/../../../x86_64-linux-gnu/crt1.o
 .rela.rodata._ZTI17lang_table_writer
                0x00000000004023a8        0x0 /usr/lib/gcc/x86_64-linux-gnu/4.9/../../../x86_64-linux-gnu/crt1.o
 .rela.rodata._ZTV19block_header_writer
                0x00000000004023a8        0x0 /usr/lib/gcc/x86_64-linux-gnu/4.9/../../../x86_64-linux-gnu/crt1.o
 .rela.rodata._ZTV17lang_table_writer
                0x00000000004023a8        0x0 /usr/lib/gcc/x86_64-linux-gnu/4.9/../../../x86_64-linux-gnu/crt1.o
 .rela.rodata._ZTI8IGrowBuf
                0x00000000004023a8        0x0 /usr/lib/gcc/x86_64-linux-gnu/4.9/../../../x86_64-linux-gnu/crt1.o
 .rela.rodata._ZTI7GrowBuf
                0x00000000004023a8        0x0 /usr/lib/gcc/x86_64-linux-gnu/4.9/../../../x86_64-linux-gnu/crt1.o
 .rela.rodata._ZTV7GrowBuf
                0x00000000004023a8        0x0 /usr/lib/gcc/x86_64-linux-gnu/4.9/../../../x86_64-linux-gnu/crt1.o
 .rela.rodata._ZTI19BaseResourceManager
                0x00000000004023a8        0x0 /usr/lib/gcc/x86_64-linux-gnu/4.9/../../../x86_64-linux-gnu/crt1.o
 .rela.rodata._ZTI15ResourceManagerIP8_IO_FILE18__free_with_fcloseE
                0x00000000004023a8        0x0 /usr/lib/gcc/x86_64-linux-gnu/4.9/../../../x86_64-linux-gnu/crt1.o
 .rela.rodata._ZTV15ResourceManagerIP8_IO_FILE18__free_with_fcloseE
                0x00000000004023a8        0x0 /usr/lib/gcc/x86_64-linux-gnu/4.9/../../../x86_64-linux-gnu/crt1.o
 .rela.rodata._ZTI10LineParser
                0x00000000004023a8        0x0 /usr/lib/gcc/x86_64-linux-gnu/4.9/../../../x86_64-linux-gnu/crt1.o
 .rela.rodata._ZTV10LineParser
                0x00000000004023a8        0x0 /usr/lib/gcc/x86_64-linux-gnu/4.9/../../../x86_64-linux-gnu/crt1.o
 .rela.rodata._ZTI5IMMap
                0x00000000004023a8        0x0 /usr/lib/gcc/x86_64-linux-gnu/4.9/../../../x86_64-linux-gnu/crt1.o
 .rela.rodata._ZTI8MMapFile
                0x00000000004023a8        0x0 /usr/lib/gcc/x86_64-linux-gnu/4.9/../../../x86_64-linux-gnu/crt1.o
 .rela.rodata._ZTI8MMapFake
                0x00000000004023a8        0x0 /usr/lib/gcc/x86_64-linux-gnu/4.9/../../../x86_64-linux-gnu/crt1.o
 .rela.rodata._ZTI7MMapBuf
                0x00000000004023a8        0x0 /usr/lib/gcc/x86_64-linux-gnu/4.9/../../../x86_64-linux-gnu/crt1.o
 .rela.rodata._ZTV8MMapFile
                0x00000000004023a8        0x0 /usr/lib/gcc/x86_64-linux-gnu/4.9/../../../x86_64-linux-gnu/crt1.o
 .rela.rodata._ZTV8MMapFake
                0x00000000004023a8        0x0 /usr/lib/gcc/x86_64-linux-gnu/4.9/../../../x86_64-linux-gnu/crt1.o
 .rela.rodata._ZTV7MMapBuf
                0x00000000004023a8        0x0 /usr/lib/gcc/x86_64-linux-gnu/4.9/../../../x86_64-linux-gnu/crt1.o
 .rela.rodata._ZTI18NSISExceptionInner
                0x00000000004023a8        0x0 /usr/lib/gcc/x86_64-linux-gnu/4.9/../../../x86_64-linux-gnu/crt1.o
 .rela.rodata._ZTI13NSISException
                0x00000000004023a8        0x0 /usr/lib/gcc/x86_64-linux-gnu/4.9/../../../x86_64-linux-gnu/crt1.o
 .rela.rodata._ZTV18NSISExceptionInner
                0x00000000004023a8        0x0 /usr/lib/gcc/x86_64-linux-gnu/4.9/../../../x86_64-linux-gnu/crt1.o
 .rela.rodata._ZTV13NSISException
                0x00000000004023a8        0x0 /usr/lib/gcc/x86_64-linux-gnu/4.9/../../../x86_64-linux-gnu/crt1.o
 .rela.rodata._ZTI15CResourceEditor
                0x00000000004023a8        0x0 /usr/lib/gcc/x86_64-linux-gnu/4.9/../../../x86_64-linux-gnu/crt1.o
 .rela.rodata._ZTI18CResourceDirectory
                0x00000000004023a8        0x0 /usr/lib/gcc/x86_64-linux-gnu/4.9/../../../x86_64-linux-gnu/crt1.o
 .rela.rodata._ZTI23CResourceDirectoryEntry
                0x00000000004023a8        0x0 /usr/lib/gcc/x86_64-linux-gnu/4.9/../../../x86_64-linux-gnu/crt1.o
 .rela.rodata._ZTV15CResourceEditor
                0x00000000004023a8        0x0 /usr/lib/gcc/x86_64-linux-gnu/4.9/../../../x86_64-linux-gnu/crt1.o
 .rela.rodata._ZTV18CResourceDirectory
                0x00000000004023a8        0x0 /usr/lib/gcc/x86_64-linux-gnu/4.9/../../../x86_64-linux-gnu/crt1.o
 .rela.rodata._ZTV23CResourceDirectoryEntry
                0x00000000004023a8        0x0 /usr/lib/gcc/x86_64-linux-gnu/4.9/../../../x86_64-linux-gnu/crt1.o
 .rela.rodata._ZTI18SortedStringListNDI19version_string_listE
                0x00000000004023a8        0x0 /usr/lib/gcc/x86_64-linux-gnu/4.9/../../../x86_64-linux-gnu/crt1.o
 .rela.rodata._ZTI17CVersionStrigList
                0x00000000004023a8        0x0 /usr/lib/gcc/x86_64-linux-gnu/4.9/../../../x86_64-linux-gnu/crt1.o
 .rela.rodata._ZTI20CResourceVersionInfo
                0x00000000004023a8        0x0 /usr/lib/gcc/x86_64-linux-gnu/4.9/../../../x86_64-linux-gnu/crt1.o
 .rela.rodata._ZTV18SortedStringListNDI19version_string_listE
                0x00000000004023a8        0x0 /usr/lib/gcc/x86_64-linux-gnu/4.9/../../../x86_64-linux-gnu/crt1.o
 .rela.rodata._ZTV17CVersionStrigList
                0x00000000004023a8        0x0 /usr/lib/gcc/x86_64-linux-gnu/4.9/../../../x86_64-linux-gnu/crt1.o
 .rela.rodata._ZTV20CResourceVersionInfo
                0x00000000004023a8        0x0 /usr/lib/gcc/x86_64-linux-gnu/4.9/../../../x86_64-linux-gnu/crt1.o
 .rela.rodata._ZTI15ResourceManagerIPw16__free_with_freeE
                0x00000000004023a8        0x0 /usr/lib/gcc/x86_64-linux-gnu/4.9/../../../x86_64-linux-gnu/crt1.o
 .rela.rodata._ZTI15ResourceManagerIPh16__free_with_freeE
                0x00000000004023a8        0x0 /usr/lib/gcc/x86_64-linux-gnu/4.9/../../../x86_64-linux-gnu/crt1.o
 .rela.rodata._ZTI15ResourceManagerIPw27__free_with_my_convert_freeE
                0x00000000004023a8        0x0 /usr/lib/gcc/x86_64-linux-gnu/4.9/../../../x86_64-linux-gnu/crt1.o
 .rela.rodata._ZTI15ResourceManagerIi17__free_with_closeE
                0x00000000004023a8        0x0 /usr/lib/gcc/x86_64-linux-gnu/4.9/../../../x86_64-linux-gnu/crt1.o
 .rela.rodata._ZTV15ResourceManagerIPw16__free_with_freeE
                0x00000000004023a8        0x0 /usr/lib/gcc/x86_64-linux-gnu/4.9/../../../x86_64-linux-gnu/crt1.o
 .rela.rodata._ZTV15ResourceManagerIPh16__free_with_freeE
                0x00000000004023a8        0x0 /usr/lib/gcc/x86_64-linux-gnu/4.9/../../../x86_64-linux-gnu/crt1.o
 .rela.rodata._ZTV15ResourceManagerIPw27__free_with_my_convert_freeE
                0x00000000004023a8        0x0 /usr/lib/gcc/x86_64-linux-gnu/4.9/../../../x86_64-linux-gnu/crt1.o
 .rela.rodata._ZTV15ResourceManagerIi17__free_with_closeE
                0x00000000004023a8        0x0 /usr/lib/gcc/x86_64-linux-gnu/4.9/../../../x86_64-linux-gnu/crt1.o
 .rela.rodata._ZTI10DefineList
                0x00000000004023a8        0x0 /usr/lib/gcc/x86_64-linux-gnu/4.9/../../../x86_64-linux-gnu/crt1.o
 .rela.rodata._ZTV10DefineList
                0x00000000004023a8        0x0 /usr/lib/gcc/x86_64-linux-gnu/4.9/../../../x86_64-linux-gnu/crt1.o
 .rela.rodata._ZTI11writer_sink
                0x00000000004023a8        0x0 /usr/lib/gcc/x86_64-linux-gnu/4.9/../../../x86_64-linux-gnu/crt1.o
 .rela.rodata._ZTI19growbuf_writer_sink
                0x00000000004023a8        0x0 /usr/lib/gcc/x86_64-linux-gnu/4.9/../../../x86_64-linux-gnu/crt1.o
 .rela.rodata._ZTI16file_writer_sink
                0x00000000004023a8        0x0 /usr/lib/gcc/x86_64-linux-gnu/4.9/../../../x86_64-linux-gnu/crt1.o
 .rela.rodata._ZTI15crc_writer_sink
                0x00000000004023a8        0x0 /usr/lib/gcc/x86_64-linux-gnu/4.9/../../../x86_64-linux-gnu/crt1.o
 .rela.rodata._ZTV11writer_sink
                0x00000000004023a8        0x0 /usr/lib/gcc/x86_64-linux-gnu/4.9/../../../x86_64-linux-gnu/crt1.o
 .rela.rodata._ZTV19growbuf_writer_sink
                0x00000000004023a8        0x0 /usr/lib/gcc/x86_64-linux-gnu/4.9/../../../x86_64-linux-gnu/crt1.o
 .rela.rodata._ZTV16file_writer_sink
                0x00000000004023a8        0x0 /usr/lib/gcc/x86_64-linux-gnu/4.9/../../../x86_64-linux-gnu/crt1.o
 .rela.rodata._ZTV15crc_writer_sink
                0x00000000004023a8        0x0 /usr/lib/gcc/x86_64-linux-gnu/4.9/../../../x86_64-linux-gnu/crt1.o
 .rela.rodata._ZTI19COutBufferException
                0x00000000004023a8        0x0 /usr/lib/gcc/x86_64-linux-gnu/4.9/../../../x86_64-linux-gnu/crt1.o
 .rela.rodata._ZTIN9NCompress5NLZMA10CBaseStateE
                0x00000000004023a8        0x0 /usr/lib/gcc/x86_64-linux-gnu/4.9/../../../x86_64-linux-gnu/crt1.o
 .rela.rodata._ZTI14ICompressCoder
                0x00000000004023a8        0x0 /usr/lib/gcc/x86_64-linux-gnu/4.9/../../../x86_64-linux-gnu/crt1.o
 .rela.rodata._ZTI27ICompressSetCoderProperties
                0x00000000004023a8        0x0 /usr/lib/gcc/x86_64-linux-gnu/4.9/../../../x86_64-linux-gnu/crt1.o
 .rela.rodata._ZTI29ICompressWriteCoderProperties
                0x00000000004023a8        0x0 /usr/lib/gcc/x86_64-linux-gnu/4.9/../../../x86_64-linux-gnu/crt1.o
 .rela.rodata._ZTI21ICompressSetOutStream
                0x00000000004023a8        0x0 /usr/lib/gcc/x86_64-linux-gnu/4.9/../../../x86_64-linux-gnu/crt1.o
 .rela.rodata._ZTI15IInWindowStream
                0x00000000004023a8        0x0 /usr/lib/gcc/x86_64-linux-gnu/4.9/../../../x86_64-linux-gnu/crt1.o
 .rela.rodata._ZTI12IMatchFinder
                0x00000000004023a8        0x0 /usr/lib/gcc/x86_64-linux-gnu/4.9/../../../x86_64-linux-gnu/crt1.o
 .rela.rodata._ZTI24IMatchFinderSetNumPasses
                0x00000000004023a8        0x0 /usr/lib/gcc/x86_64-linux-gnu/4.9/../../../x86_64-linux-gnu/crt1.o
 .rela.rodata._ZTIN9NCompress5NLZMA8CEncoderE
                0x00000000004023a8        0x0 /usr/lib/gcc/x86_64-linux-gnu/4.9/../../../x86_64-linux-gnu/crt1.o
 .rela.rodata._ZTI11CLZInWindow
                0x00000000004023a8        0x0 /usr/lib/gcc/x86_64-linux-gnu/4.9/../../../x86_64-linux-gnu/crt1.o
 .rela.rodata._ZTIN4NBT212CMatchFinderE
                0x00000000004023a8        0x0 /usr/lib/gcc/x86_64-linux-gnu/4.9/../../../x86_64-linux-gnu/crt1.o
 .rela.rodata._ZTIN4NBT312CMatchFinderE
                0x00000000004023a8        0x0 /usr/lib/gcc/x86_64-linux-gnu/4.9/../../../x86_64-linux-gnu/crt1.o
 .rela.rodata._ZTIN4NBT412CMatchFinderE
                0x00000000004023a8        0x0 /usr/lib/gcc/x86_64-linux-gnu/4.9/../../../x86_64-linux-gnu/crt1.o
 .rela.rodata._ZTV11CLZInWindow
                0x00000000004023a8        0x0 /usr/lib/gcc/x86_64-linux-gnu/4.9/../../../x86_64-linux-gnu/crt1.o
 .rela.rodata._ZTVN4NBT212CMatchFinderE
                0x00000000004023a8        0x0 /usr/lib/gcc/x86_64-linux-gnu/4.9/../../../x86_64-linux-gnu/crt1.o
 .rela.rodata._ZTVN4NBT312CMatchFinderE
                0x00000000004023a8        0x0 /usr/lib/gcc/x86_64-linux-gnu/4.9/../../../x86_64-linux-gnu/crt1.o
 .rela.rodata._ZTVN4NBT412CMatchFinderE
                0x00000000004023a8        0x0 /usr/lib/gcc/x86_64-linux-gnu/4.9/../../../x86_64-linux-gnu/crt1.o
 .rela.rodata._ZTVN9NCompress5NLZMA8CEncoderE
                0x00000000004023a8        0x0 /usr/lib/gcc/x86_64-linux-gnu/4.9/../../../x86_64-linux-gnu/crt1.o
 *(.rela.data .rela.data.* .rela.gnu.linkonce.d.*)
 *(.rela.tdata .rela.tdata.* .rela.gnu.linkonce.td.*)
 *(.rela.tbss .rela.tbss.* .rela.gnu.linkonce.tb.*)
 *(.rela.ctors)
 *(.rela.dtors)
 *(.rela.got)
 .rela.got      0x00000000004023a8       0x18 /usr/lib/gcc/x86_64-linux-gnu/4.9/../../../x86_64-linux-gnu/crt1.o
 *(.rela.bss .rela.bss.* .rela.gnu.linkonce.b.*)
 .rela.bss      0x00000000004023c0      0x120 /usr/lib/gcc/x86_64-linux-gnu/4.9/../../../x86_64-linux-gnu/crt1.o
 *(.rela.ldata .rela.ldata.* .rela.gnu.linkonce.l.*)
 *(.rela.lbss .rela.lbss.* .rela.gnu.linkonce.lb.*)
 *(.rela.lrodata .rela.lrodata.* .rela.gnu.linkonce.lr.*)
 *(.rela.ifunc)
 .rela.gcc_except_table
                0x00000000004024e0        0x0 /usr/lib/gcc/x86_64-linux-gnu/4.9/../../../x86_64-linux-gnu/crt1.o
 .rela.eh_frame
                0x00000000004024e0        0x0 /usr/lib/gcc/x86_64-linux-gnu/4.9/../../../x86_64-linux-gnu/crt1.o

.rela.plt       0x00000000004024e0      0xf00
 *(.rela.plt)
 .rela.plt      0x00000000004024e0      0xf00 /usr/lib/gcc/x86_64-linux-gnu/4.9/../../../x86_64-linux-gnu/crt1.o
                [!provide]                        PROVIDE (__rela_iplt_start, .)
 *(.rela.iplt)
 .rela.iplt     0x00000000004033e0        0x0 /usr/lib/gcc/x86_64-linux-gnu/4.9/../../../x86_64-linux-gnu/crt1.o
                [!provide]                        PROVIDE (__rela_iplt_end, .)

.init           0x00000000004033e0       0x1a
 *(SORT(.init))
 .init          0x00000000004033e0       0x15 /usr/lib/gcc/x86_64-linux-gnu/4.9/../../../x86_64-linux-gnu/crti.o
                0x00000000004033e0                _init
 .init          0x00000000004033f5        0x5 /usr/lib/gcc/x86_64-linux-gnu/4.9/../../../x86_64-linux-gnu/crtn.o

.plt            0x0000000000403400      0xa10
 *(.plt)
 .plt           0x0000000000403400      0xa10 /usr/lib/gcc/x86_64-linux-gnu/4.9/../../../x86_64-linux-gnu/crt1.o
                0x0000000000403410                fsetpos@@GLIBC_2.2.5
                0x0000000000403420                ctime@@GLIBC_2.2.5
                0x0000000000403430                std::string::append(char const*, unsigned long)@@GLIBCXX_3.4
                0x0000000000403440                std::__throw_length_error(char const*)@@GLIBCXX_3.4
                0x0000000000403450                chdir@@GLIBC_2.2.5
                0x0000000000403460                fileno@@GLIBC_2.2.5
                0x0000000000403470                wcscpy@@GLIBC_2.2.5
                0x0000000000403480                pthread_cond_destroy@@GLIBC_2.3.2
                0x0000000000403490                wcsftime@@GLIBC_2.2.5
                0x00000000004034a0                mktime@@GLIBC_2.2.5
                0x00000000004034b0                memset@@GLIBC_2.2.5
                0x00000000004034c0                ftell@@GLIBC_2.2.5
                0x00000000004034d0                swprintf@@GLIBC_2.2.5
                0x00000000004034e0                wcslen@@GLIBC_2.2.5
                0x00000000004034f0                std::__throw_out_of_range_fmt(char const*, ...)@@GLIBCXX_3.4.20
                0x0000000000403500                close@@GLIBC_2.2.5
                0x0000000000403510                std::basic_string<wchar_t, std::char_traits<wchar_t>, std::allocator<wchar_t> >::find_first_of(wchar_t const*, unsigned long, unsigned long) const@@GLIBCXX_3.4
                0x0000000000403520                swscanf@@GLIBC_2.2.5
                0x0000000000403530                __cxa_guard_acquire@@CXXABI_1.3
                0x0000000000403540                std::runtime_error::runtime_error(std::string const&)@@GLIBCXX_3.4
                0x0000000000403560                std::basic_string<wchar_t, std::char_traits<wchar_t>, std::allocator<wchar_t> >::append(wchar_t const*)@@GLIBCXX_3.4
                0x0000000000403570                fseek@@GLIBC_2.2.5
                0x0000000000403580                pthread_cond_signal@@GLIBC_2.3.2
                0x0000000000403590                exit@@GLIBC_2.2.5
                0x00000000004035a0                __assert_fail@@GLIBC_2.2.5
                0x00000000004035b0                wmemcmp@@GLIBC_2.2.5
                0x00000000004035c0                __cxa_rethrow@@CXXABI_1.3
                0x00000000004035d0                deflate
                0x00000000004035e0                wcsrchr@@GLIBC_2.2.5
                0x00000000004035f0                read@@GLIBC_2.2.5
                0x0000000000403600                malloc@@GLIBC_2.2.5
                0x0000000000403610                fopen@@GLIBC_2.2.5
                0x0000000000403620                __libc_start_main@@GLIBC_2.2.5
                0x0000000000403630                system@@GLIBC_2.2.5
                0x0000000000403640                getwchar@@GLIBC_2.2.5
                0x0000000000403650                std::_Rb_tree_decrement(std::_Rb_tree_node_base*)@@GLIBCXX_3.4
                0x0000000000403660                std::basic_string<char, std::char_traits<char>, std::allocator<char> >::basic_string(std::string const&)@@GLIBCXX_3.4
                0x0000000000403670                gmtime@@GLIBC_2.2.5
                0x0000000000403680                __cxa_atexit@@GLIBC_2.2.5
                0x0000000000403690                std::runtime_error::runtime_error(std::string const&)@@GLIBCXX_3.4
                0x00000000004036a0                std::runtime_error::~runtime_error()@@GLIBCXX_3.4
                0x00000000004036b0                pthread_mutex_init@@GLIBC_2.2.5
                0x00000000004036c0                iconv_open@@GLIBC_2.2.5
                0x00000000004036d0                vswprintf@@GLIBC_2.2.5
                0x00000000004036e0                wcsncmp@@GLIBC_2.2.5
                0x00000000004036f0                ungetc@@GLIBC_2.2.5
                0x0000000000403700                wcsrtombs@@GLIBC_2.2.5
                0x0000000000403710                std::basic_string<wchar_t, std::char_traits<wchar_t>, std::allocator<wchar_t> >::append(wchar_t const*, unsigned long)@@GLIBCXX_3.4
                0x0000000000403720                free@@GLIBC_2.2.5
                0x0000000000403730                strlen@@GLIBC_2.2.5
                0x0000000000403740                std::string::_Rep::_M_destroy(std::allocator<char> const&)@@GLIBCXX_3.4
                0x0000000000403750                pthread_create@@GLIBC_2.2.5
                0x0000000000403760                std::basic_string<wchar_t, std::char_traits<wchar_t>, std::allocator<wchar_t> >::rfind(wchar_t const*, unsigned long, unsigned long) const@@GLIBCXX_3.4
                0x0000000000403770                opendir@@GLIBC_2.2.5
                0x0000000000403780                __xstat@@GLIBC_2.2.5
                0x0000000000403790                deflateEnd
                0x00000000004037a0                pthread_cond_init@@GLIBC_2.3.2
                0x00000000004037b0                __ctype_get_mb_cur_max@@GLIBC_2.2.5
                0x00000000004037c0                std::bad_alloc::~bad_alloc()@@GLIBCXX_3.4
                0x00000000004037d0                std::basic_string<wchar_t, std::char_traits<wchar_t>, std::allocator<wchar_t> >::append(unsigned long, wchar_t)@@GLIBCXX_3.4
                0x00000000004037e0                realpath@@GLIBC_2.3
                0x00000000004037f0                std::basic_string<wchar_t, std::char_traits<wchar_t>, std::allocator<wchar_t> >::assign(std::basic_string<wchar_t, std::char_traits<wchar_t>, std::allocator<wchar_t> > const&)@@GLIBCXX_3.4
                0x0000000000403800                readdir@@GLIBC_2.2.5
                0x0000000000403810                __cxa_guard_release@@CXXABI_1.3
                0x0000000000403820                sprintf@@GLIBC_2.2.5
                0x0000000000403830                fgetc@@GLIBC_2.2.5
                0x0000000000403840                towupper@@GLIBC_2.2.5
                0x0000000000403850                getpagesize@@GLIBC_2.2.5
                0x0000000000403860                std::_Rb_tree_increment(std::_Rb_tree_node_base const*)@@GLIBCXX_3.4
                0x0000000000403870                iconv@@GLIBC_2.2.5
                0x0000000000403880                msync@@GLIBC_2.2.5
                0x0000000000403890                pthread_join@@GLIBC_2.2.5
                0x00000000004038a0                std::basic_string<wchar_t, std::char_traits<wchar_t>, std::allocator<wchar_t> >::_Rep::_M_destroy(std::allocator<wchar_t> const&)@@GLIBCXX_3.4
                0x00000000004038b0                wcsstr@@GLIBC_2.2.5
                0x00000000004038c0                std::string::compare(char const*) const@@GLIBCXX_3.4
                0x00000000004038d0                std::basic_string<char, std::char_traits<char>, std::allocator<char> >::basic_string(char const*, std::allocator<char> const&)@@GLIBCXX_3.4
                0x00000000004038e0                std::out_of_range::out_of_range(std::string const&)@@GLIBCXX_3.4
                0x00000000004038f0                __cxa_call_unexpected@@CXXABI_1.3
                0x0000000000403900                rewind@@GLIBC_2.2.5
                0x0000000000403910                std::basic_string<wchar_t, std::char_traits<wchar_t>, std::allocator<wchar_t> >::_M_leak_hard()@@GLIBCXX_3.4
                0x0000000000403920                lseek@@GLIBC_2.2.5
                0x0000000000403930                readlink@@GLIBC_2.2.5
                0x0000000000403940                mbsrtowcs@@GLIBC_2.2.5
                0x0000000000403950                std::basic_string<wchar_t, std::char_traits<wchar_t>, std::allocator<wchar_t> >::find(wchar_t, unsigned long) const@@GLIBCXX_3.4
                0x0000000000403960                towlower@@GLIBC_2.2.5
                0x0000000000403970                tmpfile@@GLIBC_2.2.5
                0x0000000000403980                mblen@@GLIBC_2.2.5
                0x0000000000403990                __cxa_pure_virtual@@CXXABI_1.3
                0x00000000004039a0                std::basic_string<wchar_t, std::char_traits<wchar_t>, std::allocator<wchar_t> >::assign(wchar_t const*)@@GLIBCXX_3.4
                0x00000000004039b0                std::basic_string<wchar_t, std::char_traits<wchar_t>, std::allocator<wchar_t> >::reserve(unsigned long)@@GLIBCXX_3.4
                0x00000000004039c0                signal@@GLIBC_2.2.5
                0x00000000004039d0                std::out_of_range::~out_of_range()@@GLIBCXX_3.4
                0x00000000004039e0                memmove@@GLIBC_2.2.5
                0x00000000004039f0                fread@@GLIBC_2.2.5
                0x0000000000403a00                __fxstat@@GLIBC_2.2.5
                0x0000000000403a10                getenv@@GLIBC_2.2.5
                0x0000000000403a20                wprintf@@GLIBC_2.2.5
                0x0000000000403a30                __errno_location@@GLIBC_2.2.5
                0x0000000000403a40                qsort@@GLIBC_2.2.5
                0x0000000000403a50                std::_Rb_tree_insert_and_rebalance(bool, std::_Rb_tree_node_base*, std::_Rb_tree_node_base*, std::_Rb_tree_node_base&)@@GLIBCXX_3.4
                0x0000000000403a60                mkstemp@@GLIBC_2.2.5
                0x0000000000403a70                std::basic_string<wchar_t, std::char_traits<wchar_t>, std::allocator<wchar_t> >::append(std::basic_string<wchar_t, std::char_traits<wchar_t>, std::allocator<wchar_t> > const&)@@GLIBCXX_3.4
                0x0000000000403a80                wcstoul@@GLIBC_2.2.5
                0x0000000000403a90                std::_Rb_tree_rebalance_for_erase(std::_Rb_tree_node_base*, std::_Rb_tree_node_base&)@@GLIBCXX_3.4
                0x0000000000403aa0                strcmp@@GLIBC_2.2.5
                0x0000000000403ab0                tolower@@GLIBC_2.2.5
                0x0000000000403ac0                __cxa_allocate_exception@@CXXABI_1.3
                0x0000000000403ad0                wcschr@@GLIBC_2.2.5
                0x0000000000403ae0                std::string::assign(char const*, unsigned long)@@GLIBCXX_3.4
                0x0000000000403af0                __cxa_free_exception@@CXXABI_1.3
                0x0000000000403b00                pthread_cond_wait@@GLIBC_2.3.2
                0x0000000000403b10                wcscat@@GLIBC_2.2.5
                0x0000000000403b20                deflateInit2_
                0x0000000000403b30                pthread_detach@@GLIBC_2.2.5
                0x0000000000403b40                std::runtime_error::~runtime_error()@@GLIBCXX_3.4
                0x0000000000403b50                wcsncasecmp@@GLIBC_2.2.5
                0x0000000000403b60                std::basic_string<wchar_t, std::char_traits<wchar_t>, std::allocator<wchar_t> >::basic_string(std::basic_string<wchar_t, std::char_traits<wchar_t>, std::allocator<wchar_t> > const&, unsigned long, unsigned long)@@GLIBCXX_3.4
                0x0000000000403b70                memcmp@@GLIBC_2.2.5
                0x0000000000403b80                munmap@@GLIBC_2.2.5
                0x0000000000403b90                feof@@GLIBC_2.2.5
                0x0000000000403ba0                __cxa_throw@@CXXABI_1.3
                0x0000000000403bb0                wcstol@@GLIBC_2.2.5
                0x0000000000403bc0                fclose@@GLIBC_2.2.5
                0x0000000000403bd0                remove@@GLIBC_2.2.5
                0x0000000000403be0                std::basic_string<wchar_t, std::char_traits<wchar_t>, std::allocator<wchar_t> >::insert(unsigned long, wchar_t const*, unsigned long)@@GLIBCXX_3.4
                0x0000000000403bf0                std::basic_string<wchar_t, std::char_traits<wchar_t>, std::allocator<wchar_t> >::assign(wchar_t const*, unsigned long)@@GLIBCXX_3.4
                0x0000000000403c00                std::_Rb_tree_increment(std::_Rb_tree_node_base*)@@GLIBCXX_3.4
                0x0000000000403c10                std::basic_string<wchar_t, std::char_traits<wchar_t>, std::allocator<wchar_t> >::basic_string(wchar_t const*, std::allocator<wchar_t> const&)@@GLIBCXX_3.4
                0x0000000000403c20                fwprintf@@GLIBC_2.2.5
                0x0000000000403c30                __cxa_end_catch@@CXXABI_1.3
                0x0000000000403c40                std::__throw_bad_alloc()@@GLIBCXX_3.4
                0x0000000000403c50                closedir@@GLIBC_2.2.5
                0x0000000000403c60                vfwprintf@@GLIBC_2.2.5
                0x0000000000403c70                std::basic_string<wchar_t, std::char_traits<wchar_t>, std::allocator<wchar_t> >::basic_string(std::basic_string<wchar_t, std::char_traits<wchar_t>, std::allocator<wchar_t> > const&)@@GLIBCXX_3.4
                0x0000000000403c80                __pthread_key_create@@GLIBC_2.2.5
                0x0000000000403c90                __cxa_begin_catch@@CXXABI_1.3
                0x0000000000403ca0                wcscmp@@GLIBC_2.2.5
                0x0000000000403cb0                fwrite@@GLIBC_2.2.5
                0x0000000000403cc0                pthread_mutex_lock@@GLIBC_2.2.5
                0x0000000000403cd0                realloc@@GLIBC_2.2.5
                0x0000000000403ce0                setlocale@@GLIBC_2.2.5
                0x0000000000403cf0                __gxx_personality_v0@@CXXABI_1.3
                0x0000000000403d00                localtime@@GLIBC_2.2.5
                0x0000000000403d10                pthread_mutex_destroy@@GLIBC_2.2.5
                0x0000000000403d20                write@@GLIBC_2.2.5
                0x0000000000403d30                _Unwind_Resume@@GCC_3.0
                0x0000000000403d40                std::basic_string<wchar_t, std::char_traits<wchar_t>, std::allocator<wchar_t> >::compare(wchar_t const*) const@@GLIBCXX_3.4
                0x0000000000403d50                pthread_mutex_unlock@@GLIBC_2.2.5
                0x0000000000403d60                umask@@GLIBC_2.2.5
                0x0000000000403d70                memcpy@@GLIBC_2.14
                0x0000000000403d80                std::string::append(std::string const&)@@GLIBCXX_3.4
                0x0000000000403d90                open@@GLIBC_2.2.5
                0x0000000000403da0                mmap@@GLIBC_2.2.5
                0x0000000000403db0                iconv_close@@GLIBC_2.2.5
                0x0000000000403dc0                std::runtime_error::what() const@@GLIBCXX_3.4
                0x0000000000403dd0                strtod@@GLIBC_2.2.5
                0x0000000000403de0                fgetpos@@GLIBC_2.2.5
                0x0000000000403df0                time@@GLIBC_2.2.5
                0x0000000000403e00                fflush@@GLIBC_2.2.5
 *(.iplt)
 .iplt          0x0000000000403e10        0x0 /usr/lib/gcc/x86_64-linux-gnu/4.9/../../../x86_64-linux-gnu/crt1.o

.plt.bnd
 *(.plt.bnd)

.text           0x0000000000403e10    0x504ea
 *(.text.unlikely .text.*_unlikely .text.unlikely.*)
 .text.unlikely
                0x0000000000403e10        0x0 /usr/lib/gcc/x86_64-linux-gnu/4.9/crtbegin.o
 .text.unlikely._ZN5CZlibD2Ev
                0x0000000000403e10        0x0 build/urelease/makensis/build.o
 .text.unlikely._ZN5CZlib9SetNextInEPcj
                0x0000000000403e10        0x0 build/urelease/makensis/build.o
 .text.unlikely._ZN5CZlib10SetNextOutEPcj
                0x0000000000403e10        0x0 build/urelease/makensis/build.o
 .text.unlikely._ZN5CZlib10GetNextOutEv
                0x0000000000403e10        0x0 build/urelease/makensis/build.o
 .text.unlikely._ZN5CZlib10GetAvailInEv
                0x0000000000403e10        0x0 build/urelease/makensis/build.o
 .text.unlikely._ZN5CZlib11GetAvailOutEv
                0x0000000000403e10        0x0 build/urelease/makensis/build.o
 .text.unlikely._ZN5CZlib7GetNameEv
                0x0000000000403e10        0x0 build/urelease/makensis/build.o
 .text.unlikely._ZN5CZlib9GetErrStrEi
                0x0000000000403e10        0x0 build/urelease/makensis/build.o
 .text.unlikely._ZN6CBzip2D2Ev
                0x0000000000403e10        0x0 build/urelease/makensis/build.o
 .text.unlikely._ZN6CBzip29SetNextInEPcj
                0x0000000000403e10        0x0 build/urelease/makensis/build.o
 .text.unlikely._ZN6CBzip210SetNextOutEPcj
                0x0000000000403e10        0x0 build/urelease/makensis/build.o
 .text.unlikely._ZN6CBzip210GetNextOutEv
                0x0000000000403e10        0x0 build/urelease/makensis/build.o
 .text.unlikely._ZN6CBzip210GetAvailInEv
                0x0000000000403e10        0x0 build/urelease/makensis/build.o
 .text.unlikely._ZN6CBzip211GetAvailOutEv
                0x0000000000403e10        0x0 build/urelease/makensis/build.o
 .text.unlikely._ZN6CBzip27GetNameEv
                0x0000000000403e10        0x0 build/urelease/makensis/build.o
 .text.unlikely._ZN6CBzip29GetErrStrEi
                0x0000000000403e10        0x0 build/urelease/makensis/build.o
 .text.unlikely._ZN6writerD2Ev
                0x0000000000403e10        0x0 build/urelease/makensis/build.o
 .text.unlikely._ZN14LOGFONT_writerD2Ev
                0x0000000000403e10        0x0 build/urelease/makensis/build.o
 .text.unlikely._ZN16ctlcolors_writerD2Ev
                0x0000000000403e10        0x0 build/urelease/makensis/build.o
 .text.unlikely._ZN11page_writerD2Ev
                0x0000000000403e10        0x0 build/urelease/makensis/build.o
 .text.unlikely._ZN12entry_writerD2Ev
                0x0000000000403e10        0x0 build/urelease/makensis/build.o
 .text.unlikely._ZN14section_writerD2Ev
                0x0000000000403e10        0x0 build/urelease/makensis/build.o
 .text.unlikely._ZN13header_writerD2Ev
                0x0000000000403e10        0x0 build/urelease/makensis/build.o
 .text.unlikely._ZN18firstheader_writerD2Ev
                0x0000000000403e10        0x0 build/urelease/makensis/build.o
 .text.unlikely._ZN11page_writerD0Ev
                0x0000000000403e10        0x0 build/urelease/makensis/build.o
 .text.unlikely._ZN6writerD0Ev
                0x0000000000403e10        0x0 build/urelease/makensis/build.o
 .text.unlikely._ZN14section_writerD0Ev
                0x0000000000403e10        0x0 build/urelease/makensis/build.o
 .text.unlikely._ZN12entry_writerD0Ev
                0x0000000000403e10        0x0 build/urelease/makensis/build.o
 .text.unlikely._ZN16ctlcolors_writerD0Ev
                0x0000000000403e10        0x0 build/urelease/makensis/build.o
 .text.unlikely._ZN14LOGFONT_writerD0Ev
                0x0000000000403e10        0x0 build/urelease/makensis/build.o
 .text.unlikely._ZN13header_writerD0Ev
                0x0000000000403e10        0x0 build/urelease/makensis/build.o
 .text.unlikely._ZN18firstheader_writerD0Ev
                0x0000000000403e10        0x0 build/urelease/makensis/build.o
 .text.unlikely._ZN6CBzip2D0Ev
                0x0000000000403e10        0x0 build/urelease/makensis/build.o
 .text.unlikely._ZN5CZlibD0Ev
                0x0000000000403e10        0x0 build/urelease/makensis/build.o
 .text.unlikely._ZN6CBzip28CompressEb
                0x0000000000403e10        0x0 build/urelease/makensis/build.o
 .text.unlikely._ZN6CBzip23EndEv
                0x0000000000403e10        0x0 build/urelease/makensis/build.o
 .text.unlikely._ZN6CBzip24InitEij
                0x0000000000403e10        0x0 build/urelease/makensis/build.o
 .text.unlikely._ZN5CZlib8CompressEb
                0x0000000000403e10        0x0 build/urelease/makensis/build.o
 .text.unlikely._ZN5CZlib3EndEv
                0x0000000000403e10        0x0 build/urelease/makensis/build.o
 .text.unlikely._ZN5CZlib4InitEij
                0x0000000000403e10        0x0 build/urelease/makensis/build.o
 .text.unlikely._ZN11TinyGrowBufD2Ev
                0x0000000000403e10        0x0 build/urelease/makensis/build.o
 .text.unlikely._ZN11TinyGrowBufD0Ev
                0x0000000000403e10        0x0 build/urelease/makensis/build.o
 .text.unlikely._ZN16SortedStringListI6defineED2Ev
                0x0000000000403e10        0x0 build/urelease/makensis/build.o
 .text.unlikely
                0x0000000000403e10       0xa8 build/urelease/makensis/build.o
 .text.unlikely._ZN16SortedStringListI6defineED0Ev
                0x0000000000403eb8        0x0 build/urelease/makensis/build.o
 .text.unlikely._Z21PrintColorFmtMsg_WARNPKwz
                0x0000000000403eb8        0x0 build/urelease/makensis/build.o
 .text.unlikely._Z20PrintColorFmtMsg_ERRPKwz
                0x0000000000403eb8        0x0 build/urelease/makensis/build.o
 .text.unlikely._ZNK17ExeHeadStringList12gettotalsizeEv
                0x0000000000403eb8        0x0 build/urelease/makensis/build.o
 .text.unlikely._ZNSt6vectorI4IconSaIS0_EEC2ERKS2_
                0x0000000000403eb8        0x0 build/urelease/makensis/build.o
 .text.unlikely._ZNSt6vectorI4IconSaIS0_EEaSERKS2_
                0x0000000000403eb8        0x0 build/urelease/makensis/build.o
 .text.unlikely._ZNSt8_Rb_treeISbIwSt11char_traitsIwESaIwEES3_St9_IdentityIS3_EN10STLHelpers20string_nocasecmplessIS3_wEESaIS3_EE8_M_eraseEPSt13_Rb_tree_nodeIS3_E
                0x0000000000403eb8        0x0 build/urelease/makensis/build.o
 .text.unlikely._ZNSt8_Rb_treeISbIwSt11char_traitsIwESaIwEESt4pairIKS3_S3_ESt10_Select1stIS6_EN10STLHelpers20string_nocasecmplessIS3_wEESaIS6_EE8_M_eraseEPSt13_Rb_tree_nodeIS6_E
                0x0000000000403eb8        0x0 build/urelease/makensis/build.o
 .text.unlikely._ZNSt8_Rb_treeISbIwSt11char_traitsIwESaIwEESt4pairIKS3_iESt10_Select1stIS6_EN10STLHelpers20string_nocasecmplessIS3_wEESaIS6_EE8_M_eraseEPSt13_Rb_tree_nodeIS6_E
                0x0000000000403eb8        0x0 build/urelease/makensis/build.o
 .text.unlikely._ZN7PluginsD2Ev
                0x0000000000403eb8        0x0 build/urelease/makensis/build.o
 .text.unlikely._ZN18SortedStringListNDI8string_tED2Ev
                0x0000000000403eb8        0x0 build/urelease/makensis/build.o
 .text.unlikely._ZN18SortedStringListNDI14constantstringED2Ev
                0x0000000000403eb8        0x0 build/urelease/makensis/build.o
 .text.unlikely._ZN18SortedStringListNDI13uservarstringED2Ev
                0x0000000000403eb8        0x0 build/urelease/makensis/build.o
 .text.unlikely._ZN18SortedStringListNDI10langstringED2Ev
                0x0000000000403eb8        0x0 build/urelease/makensis/build.o
 .text.unlikely._ZN12StringsArrayD2Ev
                0x0000000000403eb8        0x0 build/urelease/makensis/build.o
 .text.unlikely._ZN18SortedStringListNDI10langstringED0Ev
                0x0000000000403eb8        0x0 build/urelease/makensis/build.o
 .text.unlikely._ZN14LangStringListD2Ev
                0x0000000000403eb8        0x0 build/urelease/makensis/build.o
 .text.unlikely._ZN19ConstantsStringListD2Ev
                0x0000000000403eb8        0x0 build/urelease/makensis/build.o
 .text.unlikely._ZN18UserVarsStringListD2Ev
                0x0000000000403eb8        0x0 build/urelease/makensis/build.o
 .text.unlikely._ZN14LangStringListD0Ev
                0x0000000000403eb8        0x0 build/urelease/makensis/build.o
 .text.unlikely._ZN18SortedStringListNDI14constantstringED0Ev
                0x0000000000403eb8        0x0 build/urelease/makensis/build.o
 .text.unlikely._ZN18SortedStringListNDI13uservarstringED0Ev
                0x0000000000403eb8        0x0 build/urelease/makensis/build.o
 .text.unlikely._ZN19ConstantsStringListD0Ev
                0x0000000000403eb8        0x0 build/urelease/makensis/build.o
 .text.unlikely._ZN18UserVarsStringListD0Ev
                0x0000000000403eb8        0x0 build/urelease/makensis/build.o
 .text.unlikely._ZN14FastStringListD2Ev
                0x0000000000403eb8        0x0 build/urelease/makensis/build.o
 .text.unlikely._ZN18SortedStringListNDI8string_tED0Ev
                0x0000000000403eb8        0x0 build/urelease/makensis/build.o
 .text.unlikely._ZN14FastStringListD0Ev
                0x0000000000403eb8        0x0 build/urelease/makensis/build.o
 .text.unlikely._ZN5CLZMA14QueryInterfaceERK4GUIDPPv
                0x0000000000403eb8        0x0 build/urelease/makensis/clzma.o
 .text.unlikely._ZN5CLZMA6AddRefEv
                0x0000000000403eb8        0x0 build/urelease/makensis/clzma.o
 .text.unlikely
                0x0000000000403eb8        0x0 build/urelease/makensis/clzma.o
 .text.unlikely._ZN9NCompress5NLZMA8CEncoderD0Ev
                0x0000000000403eb8        0x0 build/urelease/makensis/clzma.o
 .text.unlikely._ZN9NCompress5NLZMA8CEncoderD2Ev
                0x0000000000403eb8        0x0 build/urelease/makensis/clzma.o
 .text.unlikely._ZN5CLZMA7ReleaseEv
                0x0000000000403eb8        0x0 build/urelease/makensis/clzma.o
 .text.unlikely
                0x0000000000403eb8        0x0 build/urelease/makensis/crc32.o
 .text.unlikely
                0x0000000000403eb8        0x0 build/urelease/makensis/DialogTemplate.o
 .text.unlikely._ZNSt6vectorIP18DialogItemTemplateSaIS1_EE13_M_insert_auxEN9__gnu_cxx17__normal_iteratorIPS1_S3_EERKS1_
                0x0000000000403eb8        0x0 build/urelease/makensis/DialogTemplate.o
 .text.unlikely._ZN10dir_reader19hack_simpleexcludedEv
                0x0000000000403eb8        0x0 build/urelease/makensis/dirreader.o
 .text.unlikely
                0x0000000000403eb8       0x28 build/urelease/makensis/dirreader.o
 .text.unlikely._ZNSt8_Rb_treeISbIwSt11char_traitsIwESaIwEES3_St9_IdentityIS3_ESt4lessIS3_ESaIS3_EE8_M_eraseEPSt13_Rb_tree_nodeIS3_E
                0x0000000000403ee0        0x0 build/urelease/makensis/dirreader.o
 .text.unlikely._ZN16posix_dir_readerD2Ev
                0x0000000000403ee0        0x0 build/urelease/makensis/dirreader.o
 .text.unlikely._ZN16posix_dir_readerD0Ev
                0x0000000000403ee0        0x0 build/urelease/makensis/dirreader.o
 .text.unlikely._ZNSt8_Rb_treeISbIwSt11char_traitsIwESaIwEES3_St9_IdentityIS3_ESt4lessIS3_ESaIS3_EE16_M_insert_uniqueERKS3_
                0x0000000000403ee0        0x0 build/urelease/makensis/dirreader.o
 .text.unlikely._ZN16posix_dir_reader4readERKSbIwSt11char_traitsIwESaIwEE
                0x0000000000403ee0        0x0 build/urelease/makensis/dirreader.o
 .text.unlikely._ZN17lang_table_writerD2Ev
                0x0000000000403ee0        0x0 build/urelease/makensis/fileform.o
 .text.unlikely._ZN19block_header_writerD2Ev
                0x0000000000403ee0        0x0 build/urelease/makensis/fileform.o
 .text.unlikely._ZN19block_header_writerD0Ev
                0x0000000000403ee0        0x0 build/urelease/makensis/fileform.o
 .text.unlikely._ZN17lang_table_writerD0Ev
                0x0000000000403ee0        0x0 build/urelease/makensis/fileform.o
 .text.unlikely
                0x0000000000403ee0        0x0 build/urelease/makensis/fileform.o
 .text.unlikely
                0x0000000000403ee0        0x0 build/urelease/makensis/growbuf.o
 .text.unlikely._ZN19BaseResourceManagerD2Ev
                0x0000000000403ee0        0x0 build/urelease/makensis/icon.o
 .text.unlikely
                0x0000000000403ee0       0x76 build/urelease/makensis/icon.o
 .text.unlikely._ZN19BaseResourceManagerD0Ev
                0x0000000000403f56        0x0 build/urelease/makensis/icon.o
 .text.unlikely._ZN15ResourceManagerIP8_IO_FILE18__free_with_fcloseED2Ev
                0x0000000000403f56        0x0 build/urelease/makensis/icon.o
 .text.unlikely._ZN15ResourceManagerIP8_IO_FILE18__free_with_fcloseED0Ev
                0x0000000000403f56        0x0 build/urelease/makensis/icon.o
 .text.unlikely._ZNSt6vectorI8IconPairSaIS0_EEaSERKS2_
                0x0000000000403f56        0x0 build/urelease/makensis/icon.o
 .text.unlikely._ZNSt6vectorI4IconSaIS0_EE13_M_insert_auxEN9__gnu_cxx17__normal_iteratorIPS0_S2_EERKS0_
                0x0000000000403f56        0x0 build/urelease/makensis/icon.o
 .text.unlikely._ZNSt6vectorI8IconPairSaIS0_EE13_M_insert_auxEN9__gnu_cxx17__normal_iteratorIPS0_S2_EERKS0_
                0x0000000000403f56        0x0 build/urelease/makensis/icon.o
 .text.unlikely._ZSt22__move_median_to_firstIN9__gnu_cxx17__normal_iteratorIP4IconSt6vectorIS2_SaIS2_EEEENS0_5__ops15_Iter_comp_iterIPFbS2_S2_EEEEvT_SD_SD_SD_T0_
                0x0000000000403f56        0x0 build/urelease/makensis/icon.o
 .text.unlikely._ZSt25__unguarded_linear_insertIN9__gnu_cxx17__normal_iteratorIP4IconSt6vectorIS2_SaIS2_EEEENS0_5__ops14_Val_comp_iterIPFbS2_S2_EEEEvT_T0_
                0x0000000000403f56        0x0 build/urelease/makensis/icon.o
 .text.unlikely._ZSt16__insertion_sortIN9__gnu_cxx17__normal_iteratorIP4IconSt6vectorIS2_SaIS2_EEEENS0_5__ops15_Iter_comp_iterIPFbS2_S2_EEEEvT_SD_T0_
                0x0000000000403f56        0x0 build/urelease/makensis/icon.o
 .text.unlikely._ZSt22__move_median_to_firstIN9__gnu_cxx17__normal_iteratorIP8IconPairSt6vectorIS2_SaIS2_EEEENS0_5__ops15_Iter_comp_iterIPFbS2_S2_EEEEvT_SD_SD_SD_T0_
                0x0000000000403f56        0x0 build/urelease/makensis/icon.o
 .text.unlikely._ZSt25__unguarded_linear_insertIN9__gnu_cxx17__normal_iteratorIP8IconPairSt6vectorIS2_SaIS2_EEEENS0_5__ops14_Val_comp_iterIPFbS2_S2_EEEEvT_T0_
                0x0000000000403f56        0x0 build/urelease/makensis/icon.o
 .text.unlikely._ZSt16__insertion_sortIN9__gnu_cxx17__normal_iteratorIP8IconPairSt6vectorIS2_SaIS2_EEEENS0_5__ops15_Iter_comp_iterIPFbS2_S2_EEEEvT_SD_T0_
                0x0000000000403f56        0x0 build/urelease/makensis/icon.o
 .text.unlikely._ZSt13__adjust_heapIN9__gnu_cxx17__normal_iteratorIP4IconSt6vectorIS2_SaIS2_EEEElS2_NS0_5__ops15_Iter_comp_iterIPFbS2_S2_EEEEvT_T0_SE_T1_T2_
                0x0000000000403f56        0x0 build/urelease/makensis/icon.o
 .text.unlikely._ZSt13__heap_selectIN9__gnu_cxx17__normal_iteratorIP4IconSt6vectorIS2_SaIS2_EEEENS0_5__ops15_Iter_comp_iterIPFbS2_S2_EEEEvT_SD_SD_T0_
                0x0000000000403f56        0x0 build/urelease/makensis/icon.o
 .text.unlikely._ZSt16__introsort_loopIN9__gnu_cxx17__normal_iteratorIP4IconSt6vectorIS2_SaIS2_EEEElNS0_5__ops15_Iter_comp_iterIPFbS2_S2_EEEEvT_SD_T0_T1_
                0x0000000000403f56        0x0 build/urelease/makensis/icon.o
 .text.unlikely._ZSt13__adjust_heapIN9__gnu_cxx17__normal_iteratorIP8IconPairSt6vectorIS2_SaIS2_EEEElS2_NS0_5__ops15_Iter_comp_iterIPFbS2_S2_EEEEvT_T0_SE_T1_T2_
                0x0000000000403f56        0x0 build/urelease/makensis/icon.o
 .text.unlikely._ZSt16__introsort_loopIN9__gnu_cxx17__normal_iteratorIP8IconPairSt6vectorIS2_SaIS2_EEEElNS0_5__ops15_Iter_comp_iterIPFbS2_S2_EEEEvT_SD_T0_T1_
                0x0000000000403f56        0x0 build/urelease/makensis/icon.o
 .text.unlikely
                0x0000000000403f56       0x34 build/urelease/makensis/lang.o
 .text.unlikely
                0x0000000000403f8a        0x0 build/urelease/makensis/lineparse.o
 .text.unlikely
                0x0000000000403f8a        0x0 build/urelease/makensis/makenssi.o
 .text.unlikely
                0x0000000000403f8a       0x34 build/urelease/makensis/manifest.o
 .text.unlikely
                0x0000000000403fbe        0x0 build/urelease/makensis/mmap.o
 .text.unlikely._ZN8MMapFakeD2Ev
                0x0000000000403fbe        0x0 build/urelease/makensis/mmap.o
 .text.unlikely._ZN8MMapFakeD0Ev
                0x0000000000403fbe        0x0 build/urelease/makensis/mmap.o
 .text.unlikely._ZN18NSISExceptionInnerD2Ev
                0x0000000000403fbe        0x0 build/urelease/makensis/Plugins.o
 .text.unlikely._ZN18NSISExceptionInnerD0Ev
                0x0000000000403fbe        0x0 build/urelease/makensis/Plugins.o
 .text.unlikely._ZN13NSISExceptionD2Ev
                0x0000000000403fbe        0x0 build/urelease/makensis/Plugins.o
 .text.unlikely._ZN13NSISExceptionD0Ev
                0x0000000000403fbe        0x0 build/urelease/makensis/Plugins.o
 .text.unlikely
                0x0000000000403fbe       0x6a build/urelease/makensis/Plugins.o
 .text.unlikely._ZN13NSISExceptionC2ERKSbIwSt11char_traitsIwESaIwEE
                0x0000000000404028        0x0 build/urelease/makensis/Plugins.o
 .text.unlikely._ZStplIwSt11char_traitsIwESaIwEESbIT_T0_T1_ERKS6_S8_
                0x0000000000404028        0x0 build/urelease/makensis/Plugins.o
 .text.unlikely._ZStplIwSt11char_traitsIwESaIwEESbIT_T0_T1_EPKS3_RKS6_
                0x0000000000404028        0x0 build/urelease/makensis/Plugins.o
 .text.unlikely._ZStplIwSt11char_traitsIwESaIwEESbIT_T0_T1_ERKS6_PKS3_
                0x0000000000404028        0x0 build/urelease/makensis/Plugins.o
 .text.unlikely._ZNSt4pairIKSbIwSt11char_traitsIwESaIwEES3_ED2Ev
                0x0000000000404028        0x0 build/urelease/makensis/Plugins.o
 .text.unlikely._ZNSt8_Rb_treeISbIwSt11char_traitsIwESaIwEES3_St9_IdentityIS3_EN10STLHelpers20string_nocasecmplessIS3_wEESaIS3_EE16_M_insert_uniqueERKS3_
                0x0000000000404028        0x0 build/urelease/makensis/Plugins.o
 .text.unlikely._ZNSt6vectorIhSaIhEE14_M_fill_insertEN9__gnu_cxx17__normal_iteratorIPhS1_EEmRKh
                0x0000000000404028        0x0 build/urelease/makensis/Plugins.o
 .text.unlikely._ZNKSt8_Rb_treeISbIwSt11char_traitsIwESaIwEES3_St9_IdentityIS3_EN10STLHelpers20string_nocasecmplessIS3_wEESaIS3_EE4findERKS3_
                0x0000000000404028        0x0 build/urelease/makensis/Plugins.o
 .text.unlikely._ZNKSt8_Rb_treeISbIwSt11char_traitsIwESaIwEESt4pairIKS3_iESt10_Select1stIS6_EN10STLHelpers20string_nocasecmplessIS3_wEESaIS6_EE4findERS5_
                0x0000000000404028        0x0 build/urelease/makensis/Plugins.o
 .text.unlikely._ZNKSt8_Rb_treeISbIwSt11char_traitsIwESaIwEESt4pairIKS3_S3_ESt10_Select1stIS6_EN10STLHelpers20string_nocasecmplessIS3_wEESaIS6_EE4findERS5_
                0x0000000000404028        0x0 build/urelease/makensis/Plugins.o
 .text.unlikely._ZNSt8_Rb_treeISbIwSt11char_traitsIwESaIwEESt4pairIKS3_S3_ESt10_Select1stIS6_EN10STLHelpers20string_nocasecmplessIS3_wEESaIS6_EE10_M_insert_EPSt18_Rb_tree_node_baseSF_RKS6_
                0x0000000000404028        0x0 build/urelease/makensis/Plugins.o
 .text.unlikely._ZNSt8_Rb_treeISbIwSt11char_traitsIwESaIwEESt4pairIKS3_S3_ESt10_Select1stIS6_EN10STLHelpers20string_nocasecmplessIS3_wEESaIS6_EE24_M_get_insert_unique_posERS5_
                0x0000000000404028        0x0 build/urelease/makensis/Plugins.o
 .text.unlikely._ZNSt8_Rb_treeISbIwSt11char_traitsIwESaIwEESt4pairIKS3_S3_ESt10_Select1stIS6_EN10STLHelpers20string_nocasecmplessIS3_wEESaIS6_EE29_M_get_insert_hint_unique_posESt23_Rb_tree_const_iteratorIS6_ERS5_
                0x0000000000404028        0x0 build/urelease/makensis/Plugins.o
 .text.unlikely._ZNSt8_Rb_treeISbIwSt11char_traitsIwESaIwEESt4pairIKS3_iESt10_Select1stIS6_EN10STLHelpers20string_nocasecmplessIS3_wEESaIS6_EE24_M_get_insert_unique_posERS5_
                0x0000000000404028        0x0 build/urelease/makensis/Plugins.o
 .text.unlikely._ZNSt8_Rb_treeISbIwSt11char_traitsIwESaIwEESt4pairIKS3_iESt10_Select1stIS6_EN10STLHelpers20string_nocasecmplessIS3_wEESaIS6_EE29_M_get_insert_hint_unique_posESt23_Rb_tree_const_iteratorIS6_ERS5_
                0x0000000000404028        0x0 build/urelease/makensis/Plugins.o
 .text.unlikely._ZNSt8_Rb_treeISbIwSt11char_traitsIwESaIwEESt4pairIKS3_iESt10_Select1stIS6_EN10STLHelpers20string_nocasecmplessIS3_wEESaIS6_EE17_M_insert_unique_ESt23_Rb_tree_const_iteratorIS6_ERKS6_
                0x0000000000404028        0x0 build/urelease/makensis/Plugins.o
 .text.unlikely
                0x0000000000404028       0x28 build/urelease/makensis/ResourceEditor.o
 .text.unlikely._ZNSt11_Deque_baseIP18CResourceDirectorySaIS1_EED2Ev
                0x0000000000404050        0x0 build/urelease/makensis/ResourceEditor.o
 .text.unlikely._ZNSt11_Deque_baseIP18CResourceDataEntrySaIS1_EED2Ev
                0x0000000000404050        0x0 build/urelease/makensis/ResourceEditor.o
 .text.unlikely._ZNSt11_Deque_baseIP23CResourceDirectoryEntrySaIS1_EED2Ev
                0x0000000000404050        0x0 build/urelease/makensis/ResourceEditor.o
 .text.unlikely._ZNSt6vectorIP23CResourceDirectoryEntrySaIS1_EE13_M_insert_auxEN9__gnu_cxx17__normal_iteratorIPS1_S3_EERKS1_
                0x0000000000404050        0x0 build/urelease/makensis/ResourceEditor.o
 .text.unlikely._ZNSt11_Deque_baseIP18CResourceDirectorySaIS1_EE17_M_initialize_mapEm
                0x0000000000404050        0x0 build/urelease/makensis/ResourceEditor.o
 .text.unlikely._ZNSt11_Deque_baseIP18CResourceDataEntrySaIS1_EE17_M_initialize_mapEm
                0x0000000000404050        0x0 build/urelease/makensis/ResourceEditor.o
 .text.unlikely._ZNSt11_Deque_baseIP23CResourceDirectoryEntrySaIS1_EE17_M_initialize_mapEm
                0x0000000000404050        0x0 build/urelease/makensis/ResourceEditor.o
 .text.unlikely._ZNSt5dequeIP23CResourceDirectoryEntrySaIS1_EE16_M_push_back_auxERKS1_
                0x0000000000404050        0x0 build/urelease/makensis/ResourceEditor.o
 .text.unlikely._ZNSt5dequeIP18CResourceDirectorySaIS1_EE17_M_reallocate_mapEmb
                0x0000000000404050        0x0 build/urelease/makensis/ResourceEditor.o
 .text.unlikely._ZNSt5dequeIP18CResourceDataEntrySaIS1_EE17_M_reallocate_mapEmb
                0x0000000000404050        0x0 build/urelease/makensis/ResourceEditor.o
 .text.unlikely
                0x0000000000404050       0x28 build/urelease/makensis/ResourceVersionInfo.o
 .text.unlikely._ZN18SortedStringListNDI19version_string_listED2Ev
                0x0000000000404078        0x0 build/urelease/makensis/ResourceVersionInfo.o
 .text.unlikely._ZN18SortedStringListNDI19version_string_listED0Ev
                0x0000000000404078        0x0 build/urelease/makensis/ResourceVersionInfo.o
 .text.unlikely._ZN15ResourceManagerIPh16__free_with_freeED2Ev
                0x0000000000404078        0x0 build/urelease/makensis/script.o
 .text.unlikely._ZN15ResourceManagerIPw16__free_with_freeED2Ev
                0x0000000000404078        0x0 build/urelease/makensis/script.o
 .text.unlikely._ZN15ResourceManagerIPh16__free_with_freeED0Ev
                0x0000000000404078        0x0 build/urelease/makensis/script.o
 .text.unlikely._ZN15ResourceManagerIPw16__free_with_freeED0Ev
                0x0000000000404078        0x0 build/urelease/makensis/script.o
 .text.unlikely._ZN15ResourceManagerIi17__free_with_closeED2Ev
                0x0000000000404078        0x0 build/urelease/makensis/script.o
 .text.unlikely._ZN15ResourceManagerIi17__free_with_closeED0Ev
                0x0000000000404078        0x0 build/urelease/makensis/script.o
 .text.unlikely._ZN15ResourceManagerIPw27__free_with_my_convert_freeED2Ev
                0x0000000000404078        0x0 build/urelease/makensis/script.o
 .text.unlikely._ZN15ResourceManagerIPw27__free_with_my_convert_freeED0Ev
                0x0000000000404078        0x0 build/urelease/makensis/script.o
 .text.unlikely
                0x0000000000404078       0x76 build/urelease/makensis/script.o
 .text.unlikely._Z21createResourceManagerI16__free_with_freePwEvRT0_RN5boost10scoped_ptrI19BaseResourceManagerEE
                0x00000000004040ee        0x0 build/urelease/makensis/script.o
 .text.unlikely._ZSteqIwEN9__gnu_cxx11__enable_ifIXsrSt9__is_charIT_E7__valueEbE6__typeERKSbIS3_St11char_traitsIS3_ESaIS3_EESC_
                0x00000000004040ee        0x0 build/urelease/makensis/script.o
 .text.unlikely._ZN15CResourceEditor14UpdateResourceIcEEbPKT_ttPhj
                0x00000000004040ee        0x0 build/urelease/makensis/script.o
 .text.unlikely._Z21createResourceManagerI27__free_with_my_convert_freePwEvRT0_RN5boost10scoped_ptrI19BaseResourceManagerEE
                0x00000000004040ee        0x0 build/urelease/makensis/script.o
 .text.unlikely._ZNSt8_Rb_treeISbIwSt11char_traitsIwESaIwEES3_St9_IdentityIS3_ESt4lessIS3_ESaIS3_EE11equal_rangeERKS3_
                0x00000000004040ee        0x0 build/urelease/makensis/script.o
 .text.unlikely._ZNSt8_Rb_treeISbIwSt11char_traitsIwESaIwEES3_St9_IdentityIS3_ESt4lessIS3_ESaIS3_EE5eraseERKS3_
                0x00000000004040ee        0x0 build/urelease/makensis/script.o
 .text.unlikely
                0x00000000004040ee        0x0 build/urelease/makensis/ShConstants.o
 .text.unlikely
                0x00000000004040ee        0x0 build/urelease/makensis/strlist.o
 .text.unlikely
                0x00000000004040ee        0x0 build/urelease/makensis/tokens.o
 .text.unlikely
                0x00000000004040ee        0x0 build/urelease/makensis/tstring.o
 .text.unlikely
                0x00000000004040ee       0x28 build/urelease/makensis/utf.o
 .text.unlikely._ZN11CharEncConvD2Ev
                0x0000000000404116        0x0 build/urelease/makensis/utf.o
 .text.unlikely
                0x0000000000404116       0x27 build/urelease/makensis/util.o
 *fill*         0x000000000040413d        0x1 
 .text.unlikely
                0x000000000040413e       0x27 build/urelease/makensis/winchar.o
 *fill*         0x0000000000404165        0x1 
 .text.unlikely
                0x0000000000404166       0x28 build/urelease/makensis/writer.o
 .text.unlikely._ZN15crc_writer_sinkD2Ev
                0x000000000040418e        0x0 build/urelease/makensis/writer.o
 .text.unlikely._ZN16file_writer_sinkD2Ev
                0x000000000040418e        0x0 build/urelease/makensis/writer.o
 .text.unlikely._ZN19growbuf_writer_sinkD2Ev
                0x000000000040418e        0x0 build/urelease/makensis/writer.o
 .text.unlikely._ZN15crc_writer_sinkD0Ev
                0x000000000040418e        0x0 build/urelease/makensis/writer.o
 .text.unlikely._ZN16file_writer_sinkD0Ev
                0x000000000040418e        0x0 build/urelease/makensis/writer.o
 .text.unlikely._ZN19growbuf_writer_sinkD0Ev
                0x000000000040418e        0x0 build/urelease/makensis/writer.o
 .text.unlikely
                0x000000000040418e        0x0 build/urelease/makensis/bzip2/blocksort.o
 .text.unlikely
                0x000000000040418e        0x0 build/urelease/makensis/bzip2/bzlib.o
 .text.unlikely
                0x000000000040418e        0x0 build/urelease/makensis/bzip2/compress.o
 .text.unlikely
                0x000000000040418e        0x0 build/urelease/makensis/bzip2/huffman.o
 .text.unlikely
                0x000000000040418e        0x0 build/urelease/makensis/7zip/7zip/Common/OutBuffer.o
 .text.unlikely
                0x000000000040418e        0x0 build/urelease/makensis/7zip/7zip/Common/StreamUtils.o
 .text.unlikely
                0x000000000040418e        0x0 build/urelease/makensis/7zip/7zip/Compress/LZ/LZInWindow.o
 .text.unlikely._ZN9NCompress5NLZMA8CEncoder6AddRefEv
                0x000000000040418e        0x0 build/urelease/makensis/7zip/7zip/Compress/LZMA/LZMAEncoder.o
 .text.unlikely._ZN4NBT212CMatchFinder14QueryInterfaceERK4GUIDPPv
                0x000000000040418e        0x0 build/urelease/makensis/7zip/7zip/Compress/LZMA/LZMAEncoder.o
 .text.unlikely._ZN4NBT212CMatchFinder6AddRefEv
                0x000000000040418e        0x0 build/urelease/makensis/7zip/7zip/Compress/LZMA/LZMAEncoder.o
 .text.unlikely._ZN4NBT212CMatchFinder12SetNumPassesEj
                0x000000000040418e        0x0 build/urelease/makensis/7zip/7zip/Compress/LZMA/LZMAEncoder.o
 .text.unlikely
                0x000000000040418e        0x0 build/urelease/makensis/7zip/7zip/Compress/LZMA/LZMAEncoder.o
 .text.unlikely._ZN4NBT312CMatchFinder14QueryInterfaceERK4GUIDPPv
                0x000000000040418e        0x0 build/urelease/makensis/7zip/7zip/Compress/LZMA/LZMAEncoder.o
 .text.unlikely._ZN4NBT312CMatchFinder6AddRefEv
                0x000000000040418e        0x0 build/urelease/makensis/7zip/7zip/Compress/LZMA/LZMAEncoder.o
 .text.unlikely._ZN4NBT312CMatchFinder12SetNumPassesEj
                0x000000000040418e        0x0 build/urelease/makensis/7zip/7zip/Compress/LZMA/LZMAEncoder.o
 .text.unlikely._ZN4NBT412CMatchFinder14QueryInterfaceERK4GUIDPPv
                0x000000000040418e        0x0 build/urelease/makensis/7zip/7zip/Compress/LZMA/LZMAEncoder.o
 .text.unlikely._ZN4NBT412CMatchFinder6AddRefEv
                0x000000000040418e        0x0 build/urelease/makensis/7zip/7zip/Compress/LZMA/LZMAEncoder.o
 .text.unlikely._ZN4NBT412CMatchFinder12SetNumPassesEj
                0x000000000040418e        0x0 build/urelease/makensis/7zip/7zip/Compress/LZMA/LZMAEncoder.o
 .text.unlikely._ZN11CLZInWindowD2Ev
                0x000000000040418e        0x0 build/urelease/makensis/7zip/7zip/Compress/LZMA/LZMAEncoder.o
 .text.unlikely._ZN11CLZInWindowD0Ev
                0x000000000040418e        0x0 build/urelease/makensis/7zip/7zip/Compress/LZMA/LZMAEncoder.o
 .text.unlikely._ZN9NCompress5NLZMA8CEncoder14QueryInterfaceERK4GUIDPPv
                0x000000000040418e        0x0 build/urelease/makensis/7zip/7zip/Compress/LZMA/LZMAEncoder.o
 .text.unlikely._ZN4NBT212CMatchFinder7ReleaseEv
                0x000000000040418e        0x0 build/urelease/makensis/7zip/7zip/Compress/LZMA/LZMAEncoder.o
 .text.unlikely._ZN4NBT312CMatchFinder7ReleaseEv
                0x000000000040418e        0x0 build/urelease/makensis/7zip/7zip/Compress/LZMA/LZMAEncoder.o
 .text.unlikely._ZN4NBT412CMatchFinder7ReleaseEv
                0x000000000040418e        0x0 build/urelease/makensis/7zip/7zip/Compress/LZMA/LZMAEncoder.o
 .text.unlikely._ZN9NCompress5NLZMA8CEncoder7ReleaseEv
                0x000000000040418e        0x0 build/urelease/makensis/7zip/7zip/Compress/LZMA/LZMAEncoder.o
 .text.unlikely
                0x000000000040418e        0x0 build/urelease/makensis/7zip/7zip/Compress/RangeCoder/RangeCoderBit.o
 .text.unlikely
                0x000000000040418e        0x0 build/urelease/makensis/7zip/Common/Alloc.o
 .text.unlikely
                0x000000000040418e        0x0 build/urelease/makensis/7zip/Common/CRC.o
 *(.text.exit .text.exit.*)
 *(.text.startup .text.startup.*)
 *fill*         0x000000000040418e        0x2 
 .text.startup  0x0000000000404190      0x11d build/urelease/makensis/makenssi.o
                0x0000000000404190                main
 *fill*         0x00000000004042ad        0x3 
 .text.startup  0x00000000004042b0       0x5b build/urelease/makensis/7zip/7zip/Compress/LZMA/LZMAEncoder.o
 *fill*         0x000000000040430b        0x5 
 .text.startup  0x0000000000404310        0x5 build/urelease/makensis/7zip/7zip/Compress/RangeCoder/RangeCoderBit.o
 *fill*         0x0000000000404315        0xb 